<html>
<body>
<pre>
<h1>µVision Build Log</h1>
<h2>Project:</h2>
C:\Users\yyn\Desktop\CAR\USER\car.uvproj
Project File Date:  02/13/2017

<h2>Output:</h2>
Build target 'Target 1'
compiling main.c...
compiling stm32f10x_it.c...
compiling system_stm32f10x.c...
compiling core_cm3.c...
assembling startup_stm32f10x_hd.s...
compiling misc.c...
compiling stm32f10x_adc.c...
compiling stm32f10x_bkp.c...
compiling stm32f10x_can.c...
compiling stm32f10x_cec.c...
compiling stm32f10x_crc.c...
compiling stm32f10x_dac.c...
compiling stm32f10x_dbgmcu.c...
compiling stm32f10x_dma.c...
compiling stm32f10x_exti.c...
compiling stm32f10x_flash.c...
compiling stm32f10x_fsmc.c...
compiling stm32f10x_gpio.c...
compiling stm32f10x_i2c.c...
compiling stm32f10x_iwdg.c...
compiling stm32f10x_pwr.c...
compiling stm32f10x_rcc.c...
compiling stm32f10x_rtc.c...
compiling stm32f10x_sdio.c...
compiling stm32f10x_spi.c...
compiling stm32f10x_tim.c...
compiling stm32f10x_usart.c...
compiling stm32f10x_wwdg.c...
linking...
Program Size: Code=2768 RO-data=336 RW-data=40 ZI-data=1632  
"..\OBJ\car.axf" - 0 Errors, 0 Warning(s).
compiling main.c...
config.h(13): error:  #5: cannot open source input file "car_drive.h": No such file or directory
"main.c" - 1 Errors, 0 Warning(s).
compiling main.c...
car_drive.h(35): warning:  #1-D: last line of file ends without a newline
"main.c" - 0 Errors, 1 Warning(s).
compiling main.c...
car_drive.h(35): warning:  #1-D: last line of file ends without a newline
"main.c" - 0 Errors, 1 Warning(s).
compiling main.c...
car_drive.h(35): warning:  #1-D: last line of file ends without a newline
"main.c" - 0 Errors, 1 Warning(s).
compiling main.c...
car_drive.h(35): warning:  #1-D: last line of file ends without a newline
main.c(34): warning:  #1-D: last line of file ends without a newline
"main.c" - 0 Errors, 2 Warning(s).
compiling main.c...
car_drive.h(34): warning:  #1-D: last line of file ends without a newline
main.c(33): warning:  #1-D: last line of file ends without a newline
"main.c" - 0 Errors, 2 Warning(s).
Build target 'Target 1'
compiling stm32f10x_it.c...
car_drive.h(34): warning:  #1-D: last line of file ends without a newline
compiling system_stm32f10x.c...
compiling car_communcation.c...
car_drive.h(34): warning:  #1-D: last line of file ends without a newline
car_communcation.c(115): warning:  #550-D: variable "num" was set but never used
compiling car_drive.c...
car_drive.h(34): warning:  #1-D: last line of file ends without a newline
car_drive.h(34): warning:  #1-D: last line of file ends without a newline
compiling car_hcsr04.c...
car_drive.h(34): warning:  #1-D: last line of file ends without a newline
car_hcsr04.c(123): warning:  #223-D: function "PBout" declared implicitly
car_hcsr04.c(123): error:  #137: expression must be a modifiable lvalue
car_hcsr04.c(127): error:  #137: expression must be a modifiable lvalue
car_hcsr04.c(128): warning:  #223-D: function "PBin" declared implicitly
compiling car_speed.c...
car_drive.h(34): warning:  #1-D: last line of file ends without a newline
compiling car_system.c...
car_drive.h(34): warning:  #1-D: last line of file ends without a newline
compiling delay.c...
compiling time.c...
compiling core_cm3.c...
assembling startup_stm32f10x_hd.s...
compiling misc.c...
compiling stm32f10x_adc.c...
compiling stm32f10x_bkp.c...
compiling stm32f10x_can.c...
compiling stm32f10x_cec.c...
compiling stm32f10x_crc.c...
compiling stm32f10x_dac.c...
compiling stm32f10x_dbgmcu.c...
compiling stm32f10x_dma.c...
compiling stm32f10x_exti.c...
compiling stm32f10x_flash.c...
compiling stm32f10x_fsmc.c...
compiling stm32f10x_gpio.c...
compiling stm32f10x_i2c.c...
compiling stm32f10x_iwdg.c...
compiling stm32f10x_pwr.c...
compiling stm32f10x_rcc.c...
compiling stm32f10x_rtc.c...
compiling stm32f10x_sdio.c...
compiling stm32f10x_spi.c...
compiling stm32f10x_tim.c...
compiling stm32f10x_usart.c...
compiling stm32f10x_wwdg.c...
"..\OBJ\car.axf" - 2 Errors, 10 Warning(s).
Target not created
compiling car_hcsr04.c...
car_drive.h(34): warning:  #1-D: last line of file ends without a newline
car_hcsr04.c(123): warning:  #223-D: function "PBout" declared implicitly
car_hcsr04.c(128): warning:  #223-D: function "PBin" declared implicitly
"car_hcsr04.c" - 0 Errors, 3 Warning(s).
Build target 'Target 1'
compiling main.c...
car_drive.h(34): warning:  #1-D: last line of file ends without a newline
main.c(33): warning:  #1-D: last line of file ends without a newline
compiling stm32f10x_it.c...
car_drive.h(34): warning:  #1-D: last line of file ends without a newline
compiling car_communcation.c...
car_drive.h(34): warning:  #1-D: last line of file ends without a newline
car_communcation.c(115): warning:  #550-D: variable "num" was set but never used
compiling car_drive.c...
car_drive.h(34): warning:  #1-D: last line of file ends without a newline
car_drive.h(34): warning:  #1-D: last line of file ends without a newline
compiling car_hcsr04.c...
car_drive.h(34): warning:  #1-D: last line of file ends without a newline
compiling car_speed.c...
car_drive.h(34): warning:  #1-D: last line of file ends without a newline
compiling car_system.c...
car_drive.h(34): warning:  #1-D: last line of file ends without a newline
compiling delay.c...
compiling time.c...
linking...
Program Size: Code=13688 RO-data=336 RW-data=100 ZI-data=1636  
"..\OBJ\car.axf" - 0 Errors, 10 Warning(s).
Build target 'Target 1'
compiling main.c...
car_drive.h(34): warning:  #1-D: last line of file ends without a newline
main.c(34): warning:  #1-D: last line of file ends without a newline
linking...
Program Size: Code=13688 RO-data=336 RW-data=100 ZI-data=1636  
"..\OBJ\car.axf" - 0 Errors, 2 Warning(s).
Build target 'Target 1'
compiling main.c...
car_drive.h(35): warning:  #1-D: last line of file ends without a newline
compiling stm32f10x_it.c...
car_drive.h(35): warning:  #1-D: last line of file ends without a newline
compiling car_communcation.c...
car_drive.h(35): warning:  #1-D: last line of file ends without a newline
car_communcation.c(115): warning:  #550-D: variable "num" was set but never used
compiling car_drive.c...
car_drive.h(35): warning:  #1-D: last line of file ends without a newline
car_drive.h(35): warning:  #1-D: last line of file ends without a newline
compiling car_hcsr04.c...
car_drive.h(35): warning:  #1-D: last line of file ends without a newline
compiling car_speed.c...
car_drive.h(35): warning:  #1-D: last line of file ends without a newline
compiling car_system.c...
car_drive.h(35): warning:  #1-D: last line of file ends without a newline
linking...
Program Size: Code=13688 RO-data=336 RW-data=100 ZI-data=1636  
"..\OBJ\car.axf" - 0 Errors, 9 Warning(s).
Build target 'Target 1'
compiling main.c...
car_drive.h(35): warning:  #1-D: last line of file ends without a newline
compiling stm32f10x_it.c...
car_drive.h(35): warning:  #1-D: last line of file ends without a newline
compiling car_communcation.c...
car_drive.h(35): warning:  #1-D: last line of file ends without a newline
car_communcation.c(115): warning:  #550-D: variable "num" was set but never used
compiling car_drive.c...
car_drive.h(35): warning:  #1-D: last line of file ends without a newline
car_drive.h(35): warning:  #1-D: last line of file ends without a newline
compiling car_hcsr04.c...
car_drive.h(35): warning:  #1-D: last line of file ends without a newline
compiling car_speed.c...
car_drive.h(35): warning:  #1-D: last line of file ends without a newline
compiling car_system.c...
car_drive.h(35): warning:  #1-D: last line of file ends without a newline
linking...
Program Size: Code=13688 RO-data=336 RW-data=100 ZI-data=1636  
"..\OBJ\car.axf" - 0 Errors, 9 Warning(s).
Build target 'Target 1'
compiling main.c...
car_drive.h(33): warning:  #1-D: last line of file ends without a newline
compiling stm32f10x_it.c...
car_drive.h(33): warning:  #1-D: last line of file ends without a newline
compiling car_communcation.c...
car_drive.h(33): warning:  #1-D: last line of file ends without a newline
car_communcation.c(115): warning:  #550-D: variable "num" was set but never used
compiling car_drive.c...
car_drive.h(33): warning:  #1-D: last line of file ends without a newline
car_drive.h(33): warning:  #1-D: last line of file ends without a newline
compiling car_hcsr04.c...
car_drive.h(33): warning:  #1-D: last line of file ends without a newline
compiling car_speed.c...
car_drive.h(33): warning:  #1-D: last line of file ends without a newline
compiling car_system.c...
car_drive.h(33): warning:  #1-D: last line of file ends without a newline
linking...
Program Size: Code=13688 RO-data=336 RW-data=100 ZI-data=1636  
"..\OBJ\car.axf" - 0 Errors, 9 Warning(s).
Build target 'Target 1'
compiling main.c...
compiling stm32f10x_it.c...
compiling car_communcation.c...
car_communcation.c(115): warning:  #550-D: variable "num" was set but never used
compiling car_drive.c...
compiling car_hcsr04.c...
compiling car_speed.c...
compiling car_system.c...
linking...
Program Size: Code=13688 RO-data=336 RW-data=100 ZI-data=1636  
"..\OBJ\car.axf" - 0 Errors, 1 Warning(s).
