ARM Linker, 5.03 [Build 76] [MDK-ARM Standard]

==============================================================================

Section Cross References

    main.o(.text) refers to misc.o(.text) for NVIC_PriorityGroupConfig
    main.o(.text) refers to stm32f10x_rcc.o(.text) for RCC_APB1PeriphClockCmd
    main.o(.text) refers to stm32f10x_tim.o(.text) for TIM_DeInit
    main.o(.text) refers to car_speed.o(.text) for Car_SpeedInit
    main.o(.text) refers to car_drive.o(.text) for Car_MotorInit
    main.o(.text) refers to car_communcation.o(.text) for Car_CommuncateInit
    main.o(.text) refers to car_hcsr04.o(.text) for Car_Hcsr04Init
    main.o(.text) refers to car_system.o(.text) for Car_sysTickInit
    main.o(.text) refers to vlc.o(.text) for vlc_init
    main.o(.text) refers to car_system.o(.data) for Car_StatusCounter
    stm32f10x_it.o(.text) refers to stm32f10x_tim.o(.text) for TIM_ClearFlag
    stm32f10x_it.o(.text) refers to car_drive.o(.text) for Car_SelectSignal
    stm32f10x_it.o(.text) refers to car_drive.o(.data) for SelectTim
    system_stm32f10x.o(.text) refers to system_stm32f10x.o(.data) for SystemCoreClock
    car_communcation.o(.text) refers to stm32f10x_rcc.o(.text) for RCC_APB2PeriphClockCmd
    car_communcation.o(.text) refers to stm32f10x_gpio.o(.text) for GPIO_Init
    car_communcation.o(.text) refers to stm32f10x_usart.o(.text) for USART_Init
    car_communcation.o(.text) refers to misc.o(.text) for NVIC_PriorityGroupConfig
    car_communcation.o(.text) refers to car_drive.o(.text) for Car_Go
    car_communcation.o(.text) refers to dflt_clz.o(x$fpl$dfltu) for __aeabi_ui2d
    car_communcation.o(.text) refers to dmul.o(x$fpl$dmul) for __aeabi_dmul
    car_communcation.o(.text) refers to fflt_clz.o(x$fpl$ffltu) for __aeabi_ui2f
    car_communcation.o(.text) refers to fflt_clz.o(x$fpl$fflt) for __aeabi_i2f
    car_communcation.o(.text) refers to fmul.o(x$fpl$fmul) for __aeabi_fmul
    car_communcation.o(.text) refers to faddsub_clz.o(x$fpl$fadd) for __aeabi_fadd
    car_communcation.o(.text) refers to f2d.o(x$fpl$f2d) for __aeabi_f2d
    car_communcation.o(.text) refers to daddsub_clz.o(x$fpl$dadd) for __aeabi_dadd
    car_communcation.o(.text) refers to d2f.o(x$fpl$d2f) for __aeabi_d2f
    car_communcation.o(.text) refers to car_communcation.o(.data) for Car_CommuncateBuffer_RX
    car_communcation.o(.text) refers to car_drive.o(.data) for SelectTim
    car_drive.o(.text) refers to stm32f10x_rcc.o(.text) for RCC_APB2PeriphClockCmd
    car_drive.o(.text) refers to stm32f10x_gpio.o(.text) for GPIO_Init
    car_drive.o(.text) refers to stm32f10x_tim.o(.text) for TIM_DeInit
    car_drive.o(.text) refers to car_drive.o(.data) for SelectDir
    car_hcsr04.o(.text) refers to stm32f10x_rcc.o(.text) for RCC_APB2PeriphClockCmd
    car_hcsr04.o(.text) refers to stm32f10x_gpio.o(.text) for GPIO_Init
    car_hcsr04.o(.text) refers to stm32f10x_tim.o(.text) for TIM_TimeBaseInit
    car_hcsr04.o(.text) refers to misc.o(.text) for NVIC_Init
    car_hcsr04.o(.text) refers to car_system.o(.text) for Delay_Us
    car_hcsr04.o(.text) refers to fflt_clz.o(x$fpl$ffltu) for __aeabi_ui2f
    car_hcsr04.o(.text) refers to fdiv.o(x$fpl$fdiv) for __aeabi_fdiv
    car_hcsr04.o(.text) refers to ffixu.o(x$fpl$ffixu) for __aeabi_f2uiz
    car_hcsr04.o(.text) refers to car_hcsr04.o(.data) for msHcCount
    car_speed.o(.text) refers to stm32f10x_rcc.o(.text) for RCC_APB2PeriphClockCmd
    car_speed.o(.text) refers to misc.o(.text) for NVIC_Init
    car_speed.o(.text) refers to stm32f10x_gpio.o(.text) for GPIO_Init
    car_speed.o(.text) refers to stm32f10x_exti.o(.text) for EXTI_Init
    car_speed.o(.text) refers to car_speed.o(.data) for Car_SpeedPulse_L
    car_system.o(.text) refers to system_stm32f10x.o(.data) for SystemCoreClock
    car_system.o(.text) refers to car_system.o(.data) for Car_StatusCounter
    time.o(.text) refers to stm32f10x_rcc.o(.text) for RCC_APB1PeriphClockCmd
    time.o(.text) refers to misc.o(.text) for NVIC_PriorityGroupConfig
    time.o(.text) refers to stm32f10x_tim.o(.text) for TIM_TimeBaseInit
    time.o(.text) refers to stm32f10x_gpio.o(.text) for GPIO_Init
    vlc.o(.text) refers to stm32f10x_rcc.o(.text) for RCC_APB2PeriphClockCmd
    vlc.o(.text) refers to stm32f10x_usart.o(.text) for USART_DeInit
    vlc.o(.text) refers to stm32f10x_gpio.o(.text) for GPIO_Init
    vlc.o(.text) refers to misc.o(.text) for NVIC_Init
    gps.o(.text) refers (Special) to use_no_semi_2.o(.text) for __use_no_semihosting
    gps.o(.text) refers to rt_memclr.o(.text) for __aeabi_memclr
    gps.o(.text) refers to stm32f10x_rcc.o(.text) for RCC_APB2PeriphClockCmd
    gps.o(.text) refers to stm32f10x_gpio.o(.text) for GPIO_Init
    gps.o(.text) refers to misc.o(.text) for NVIC_Init
    gps.o(.text) refers to stm32f10x_usart.o(.text) for USART_Init
    gps.o(.text) refers to rt_memcpy_v6.o(.text) for __aeabi_memcpy
    gps.o(.text) refers to __2printf.o(.text) for __2printf
[...]
    .text                                    0x0800306c   Section        0  _printf_dec.o(.text)
    .text                                    0x080030e4   Section        0  _printf_charcount.o(.text)
    .text                                    0x08003110   Section        0  _printf_char_file.o(.text)
    .text                                    0x08003134   Section        0  _printf_wctomb.o(.text)
    .text                                    0x080031f0   Section        0  _printf_longlong_dec.o(.text)
    .text                                    0x08003268   Section        0  _printf_oct_int_ll.o(.text)
    _printf_longlong_oct_internal            0x08003269   Thumb Code     0  _printf_oct_int_ll.o(.text)
    .text                                    0x080032e0   Section        0  _printf_hex_int_ll_ptr.o(.text)
    _printf_hex_common                       0x080032e1   Thumb Code     0  _printf_hex_int_ll_ptr.o(.text)
    .text                                    0x0800337c   Section        0  __printf_flags_ss_wp.o(.text)
    .text                                    0x08003508   Section      100  rt_memcpy_w.o(.text)
    .text                                    0x0800356c   Section       78  rt_memclr_w.o(.text)
    .text                                    0x080035ba   Section      138  lludiv10.o(.text)
    .text                                    0x08003644   Section        0  _printf_intcommon.o(.text)
    .text                                    0x080036fc   Section        0  _printf_fp_dec.o(.text)
    _fp_digits                               0x080036ff   Thumb Code   426  _printf_fp_dec.o(.text)
    .text                                    0x08003b1c   Section        0  _printf_char_common.o(.text)
    _printf_input_char                       0x08003b1d   Thumb Code    10  _printf_char_common.o(.text)
    .text                                    0x08003b4c   Section        0  _printf_char.o(.text)
    .text                                    0x08003b78   Section        0  _printf_wchar.o(.text)
    .text                                    0x08003ba4   Section        0  ferror.o(.text)
    .text                                    0x08003bac   Section        0  _wcrtomb.o(.text)
    .text                                    0x08003bec   Section       74  sys_stackheap_outer.o(.text)
    .text                                    0x08003c38   Section       16  rt_ctype_table.o(.text)
    .text                                    0x08003c48   Section        8  rt_locale_intlibspace.o(.text)
    .text                                    0x08003c50   Section        0  _printf_fp_infnan.o(.text)
    .text                                    0x08003cd0   Section        0  bigflt0.o(.text)
    .text                                    0x08003db4   Section        0  exit.o(.text)
    .text                                    0x08003dc0   Section        8  libspace.o(.text)
    .text                                    0x08003dc8   Section      128  strcmpv7m.o(.text)
    CL$$btod_d2e                             0x08003e48   Section       62  btod.o(CL$$btod_d2e)
    CL$$btod_d2e_denorm_low                  0x08003e86   Section       70  btod.o(CL$$btod_d2e_denorm_low)
    CL$$btod_d2e_norm_op1                    0x08003ecc   Section       96  btod.o(CL$$btod_d2e_norm_op1)
    CL$$btod_div_common                      0x08003f2c   Section      824  btod.o(CL$$btod_div_common)
    CL$$btod_e2e                             0x08004264   Section      198  btod.o(CL$$btod_e2e)
    CL$$btod_ediv                            0x0800432a   Section       40  btod.o(CL$$btod_ediv)
    CL$$btod_emul                            0x08004352   Section       40  btod.o(CL$$btod_emul)
    CL$$btod_mult_common                     0x0800437a   Section      580  btod.o(CL$$btod_mult_common)
    i.__ARM_fpclassify                       0x080045be   Section        0  fpclassify.o(i.__ARM_fpclassify)
    i._is_digit                              0x080045e6   Section        0  __printf_wp.o(i._is_digit)
    locale$$code                             0x080045f4   Section       44  lc_numeric_c.o(locale$$code)
    locale$$code                             0x08004620   Section       44  lc_ctype_c.o(locale$$code)
    x$fpl$d2f                                0x0800464c   Section       98  d2f.o(x$fpl$d2f)
    x$fpl$dadd                               0x080046b0   Section      336  daddsub_clz.o(x$fpl$dadd)
    _dadd1                                   0x080046c1   Thumb Code     0  daddsub_clz.o(x$fpl$dadd)
    x$fpl$dfltu                              0x08004800   Section       38  dflt_clz.o(x$fpl$dfltu)
    x$fpl$dmul                               0x08004828   Section      340  dmul.o(x$fpl$dmul)
    x$fpl$dnaninf                            0x0800497c   Section      156  dnaninf.o(x$fpl$dnaninf)
    x$fpl$dretinf                            0x08004a18   Section       12  dretinf.o(x$fpl$dretinf)
    x$fpl$dsub                               0x08004a24   Section      468  daddsub_clz.o(x$fpl$dsub)
    _dsub1                                   0x08004a35   Thumb Code     0  daddsub_clz.o(x$fpl$dsub)
    x$fpl$f2d                                0x08004bf8   Section       86  f2d.o(x$fpl$f2d)
    x$fpl$fadd                               0x08004c50   Section      196  faddsub_clz.o(x$fpl$fadd)
    _fadd1                                   0x08004c5f   Thumb Code     0  faddsub_clz.o(x$fpl$fadd)
    x$fpl$fdiv                               0x08004d14   Section      388  fdiv.o(x$fpl$fdiv)
    _fdiv1                                   0x08004d15   Thumb Code     0  fdiv.o(x$fpl$fdiv)
    x$fpl$ffixu                              0x08004e98   Section       62  ffixu.o(x$fpl$ffixu)
    x$fpl$fflt                               0x08004ed8   Section       48  fflt_clz.o(x$fpl$fflt)
    x$fpl$ffltu                              0x08004f08   Section       38  fflt_clz.o(x$fpl$ffltu)
    x$fpl$fmul                               0x08004f30   Section      258  fmul.o(x$fpl$fmul)
    x$fpl$fnaninf                            0x08005032   Section      140  fnaninf.o(x$fpl$fnaninf)
    x$fpl$fretinf                            0x080050be   Section       10  fretinf.o(x$fpl$fretinf)
    x$fpl$fsub                               0x080050c8   Section      234  faddsub_clz.o(x$fpl$fsub)
    _fsub1                                   0x080050d7   Thumb Code     0  faddsub_clz.o(x$fpl$fsub)
    x$fpl$printf1                            0x080051b2   Section        4  printf1.o(x$fpl$printf1)
    x$fpl$usenofp                            0x080051b6   Section        0  usenofp.o(x$fpl$usenofp)
    .constdata                               0x080051b8   Section        8  _printf_wctomb.o(.constdata)
    initial_mbstate                          0x080051b8   Data           8  _printf_wctomb.o(.constdata)
    .constdata                               0x080051c0   Section       40  _printf_hex_int_ll_ptr.o(.constdata)
    uc_hextab                                0x080051c0   Data          20  _printf_hex_int_ll_ptr.o(.constdata)
    lc_hextab                                0x080051d4   Data          20  _printf_hex_int_ll_ptr.o(.constdata)
    .constdata                               0x080051e8   Section       17  __printf_flags_ss_wp.o(.constdata)
    maptable                                 0x080051e8   Data          17  __printf_flags_ss_wp.o(.constdata)
    .constdata                               0x080051fc   Section      148  bigflt0.o(.constdata)
    tenpwrs_x                                0x080051fc   Data          60  bigflt0.o(.constdata)
    tenpwrs_i                                0x08005238   Data          64  bigflt0.o(.constdata)
    locale$$data                             0x080052b0   Section       28  lc_numeric_c.o(locale$$data)
    __lcnum_c_name                           0x080052b4   Data           2  lc_numeric_c.o(locale$$data)
    __lcnum_c_start                          0x080052bc   Data           0  lc_numeric_c.o(locale$$data)
    __lcnum_c_point                          0x080052c8   Data           0  lc_numeric_c.o(locale$$data)
    __lcnum_c_thousands                      0x080052ca   Data           0  lc_numeric_c.o(locale$$data)
    __lcnum_c_grouping                       0x080052cb   Data           0  lc_numeric_c.o(locale$$data)
    locale$$data                             0x080052cc   Section      272  lc_ctype_c.o(locale$$data)
    __lcnum_c_end                            0x080052cc   Data           0  lc_numeric_c.o(locale$$data)
    __lcctype_c_name                         0x080052d0   Data           2  lc_ctype_c.o(locale$$data)
    __lcctype_c_start                        0x080052d8   Data           0  lc_ctype_c.o(locale$$data)
    __lcctype_c_end                          0x080053dc   Data           0  lc_ctype_c.o(locale$$data)
    .data                                    0x20000000   Section       20  system_stm32f10x.o(.data)
    .data                                    0x20000014   Section       33  car_communcation.o(.data)
    .data                                    0x20000038   Section        8  car_drive.o(.data)
    .data                                    0x20000040   Section        2  car_hcsr04.o(.data)
    .data                                    0x20000044   Section        8  car_speed.o(.data)
    .data                                    0x2000004c   Section        4  car_system.o(.data)
    .data                                    0x20000050   Section       12  gps.o(.data)
    .data                                    0x2000005c   Section       20  stm32f10x_rcc.o(.data)
    APBAHBPrescTable                         0x2000005c   Data          16  stm32f10x_rcc.o(.data)
    ADCPrescTable                            0x2000006c   Data           4  stm32f10x_rcc.o(.data)
    .bss                                     0x20000070   Section      321  gps.o(.bss)
    .bss                                     0x200001b4   Section       96  libspace.o(.bss)
    HEAP                                     0x20000218   Section      512  startup_stm32f10x_hd.o(HEAP)
    Heap_Mem                                 0x20000218   Data         512  startup_stm32f10x_hd.o(HEAP)
    STACK                                    0x20000418   Section     1024  startup_stm32f10x_hd.o(STACK)
    Stack_Mem                                0x20000418   Data        1024  startup_stm32f10x_hd.o(STACK)
    __initial_sp                             0x20000818   Data           0  startup_stm32f10x_hd.o(STACK)

    Global Symbols

    Symbol Name                              Value     Ov Type        Size  Object(Section)

    BuildAttributes$$THM_ISAv4$P$D$K$B$S$PE$A:L22UL41UL21$X:L11$S22US41US21$IEEE1$IW$USESV6$~STKCKD$USESV7$~SHL$OTIME$ROPI$IEEEJ$EBA8$UX$STANDARDLIB$REQ8$PRES8$EABIv2 0x00000000   Number         0  anon$$obj.o ABSOLUTE
    __ARM_use_no_argv                        0x00000000   Number         0  main.o ABSOLUTE
    _printf_flags                            0x00000000   Number         0  printf_stubs.o ABSOLUTE
    _printf_return_value                     0x00000000   Number         0  printf_stubs.o ABSOLUTE
    _printf_sizespec                         0x00000000   Number         0  printf_stubs.o ABSOLUTE
    _printf_widthprec                        0x00000000   Number         0  printf_stubs.o ABSOLUTE
    __ARM_exceptions_init                     - Undefined Weak Reference
    __alloca_initialize                       - Undefined Weak Reference
    __cpp_initialize__aeabi_                  - Undefined Weak Reference
    __cxa_finalize                            - Undefined Weak Reference
    __sigvec_lookup                           - Undefined Weak Reference
    _atexit_init                              - Undefined Weak Reference
    _call_atexit_fns                          - Undefined Weak Reference
    _clock_init                               - Undefined Weak Reference
    _fp_trap_init                             - Undefined Weak Reference
    _fp_trap_shutdown                         - Undefined Weak Reference
    _get_lc_collate                           - Undefined Weak Reference
    _get_lc_monetary                          - Undefined Weak Reference
    _get_lc_time                              - Undefined Weak Reference
    _getenv_init                              - Undefined Weak Reference
    _handle_redirection                       - Undefined Weak Reference
    _init_alloc                               - Undefined Weak Reference
    _init_user_alloc                          - Undefined Weak Reference
    _initio                                   - Undefined Weak Reference
    _mutex_acquire                            - Undefined Weak Reference
    _mutex_release                            - Undefined Weak Reference
    _printf_fp_hex                            - Undefined Weak Reference
    _printf_mbtowc                            - Undefined Weak Reference
    _printf_wc                                - Undefined Weak Reference
    _rand_init                                - Undefined Weak Reference
    _signal_finish                            - Undefined Weak Reference
    _signal_init                              - Undefined Weak Reference
    _terminate_alloc                          - Undefined Weak Reference
    _terminate_user_alloc                     - Undefined Weak Reference
    _terminateio                              - Undefined Weak Reference
    __Vectors_Size                           0x00000130   Number         0  startup_stm32f10x_hd.o ABSOLUTE
    __Vectors                                0x08000000   Data           4  startup_stm32f10x_hd.o(RESET)
    __Vectors_End                            0x08000130   Data           0  startup_stm32f10x_hd.o(RESET)
    __main                                   0x08000131   Thumb Code     8  __main.o(!!!main)
    __scatterload                            0x08000139   Thumb Code     0  __scatter.o(!!!scatter)
    __scatterload_rt2                        0x08000139   Thumb Code    44  __scatter.o(!!!scatter)
    __scatterload_rt2_thumb_only             0x08000139   Thumb Code     0  __scatter.o(!!!scatter)
    __scatterload_null                       0x08000147   Thumb Code     0  __scatter.o(!!!scatter)
    __scatterload_copy                       0x0800016d   Thumb Code    26  __scatter_copy.o(!!handler_copy)
    __scatterload_zeroinit                   0x08000189   Thumb Code    28  __scatter_zi.o(!!handler_zi)
    _printf_n                                0x080001a5   Thumb Code     0  _printf_n.o(.ARM.Collect$$_printf_percent$$00000001)
    _printf_percent                          0x080001a5   Thumb Code     0  _printf_percent.o(.ARM.Collect$$_printf_percent$$00000000)
    _printf_p                                0x080001ab   Thumb Code     0  _printf_p.o(.ARM.Collect$$_printf_percent$$00000002)
    _printf_f                                0x080001b1   Thumb Code     0  _printf_f.o(.ARM.Collect$$_printf_percent$$00000003)
    _printf_e                                0x080001b7   Thumb Code     0  _printf_e.o(.ARM.Collect$$_printf_percent$$00000004)
    _printf_g                                0x080001bd   Thumb Code     0  _printf_g.o(.ARM.Collect$$_printf_percent$$00000005)
    _printf_a                                0x080001c3   Thumb Code     0  _printf_a.o(.ARM.Collect$$_printf_percent$$00000006)
    _printf_ll                               0x080001c9   Thumb Code     0  _printf_ll.o(.ARM.Collect$$_printf_percent$$00000007)
    _printf_i                                0x080001d3   Thumb Code     0  _printf_i.o(.ARM.Collect$$_printf_percent$$00000008)
    _printf_d                                0x080001d9   Thumb Code     0  _printf_d.o(.ARM.Collect$$_printf_percent$$00000009)
    _printf_u                                0x080001df   Thumb Code     0  _printf_u.o(.ARM.Collect$$_printf_percent$$0000000A)
    _printf_o                                0x080001e5   Thumb Code     0  _printf_o.o(.ARM.Collect$$_printf_percent$$0000000B)
    _printf_x                                0x080001eb   Thumb Code     0  _printf_x.o(.ARM.Collect$$_printf_percent$$0000000C)
    _printf_lli                              0x080001f1   Thumb Code     0  _printf_lli.o(.ARM.Collect$$_printf_percent$$0000000D)
    _printf_lld                              0x080001f7   Thumb Code     0  _printf_lld.o(.ARM.Collect$$_printf_percent$$0000000E)
    _printf_llu                              0x080001fd   Thumb Code     0  _printf_llu.o(.ARM.Collect$$_printf_percent$$0000000F)
    _printf_llo                              0x08000203   Thumb Code     0  _printf_llo.o(.ARM.Collect$$_printf_percent$$00000010)
    _printf_llx                              0x08000209   Thumb Code     0  _printf_llx.o(.ARM.Collect$$_printf_percent$$00000011)
    _printf_l                                0x0800020f   Thumb Code     0  _printf_l.o(.ARM.Collect$$_printf_percent$$00000012)
    _printf_c                                0x08000219   Thumb Code     0  _printf_c.o(.ARM.Collect$$_printf_percent$$00000013)
    _printf_s                                0x0800021f   Thumb Code     0  _printf_s.o(.ARM.Collect$$_printf_percent$$00000014)
    _printf_lc                               0x08000225   Thumb Code     0  _printf_lc.o(.ARM.Collect$$_printf_percent$$00000015)
    _printf_ls                               0x0800022b   Thumb Code     0  _printf_ls.o(.ARM.Collect$$_printf_percent$$00000016)
    _printf_percent_end                      0x08000231   Thumb Code     0  _printf_percent_end.o(.ARM.Collect$$_printf_percent$$00000017)
    __rt_lib_init                            0x08000235   Thumb Code     0  libinit.o(.ARM.Collect$$libinit$$00000000)
    __rt_lib_init_fp_1                       0x08000237   Thumb Code     0  libinit2.o(.ARM.Collect$$libinit$$00000002)
    __rt_lib_init_heap_1                     0x08000237   Thumb Code     0  libinit2.o(.ARM.Collect$$libinit$$00000008)
    __rt_lib_init_lc_common                  0x08000237   Thumb Code     0  libinit2.o(.ARM.Collect$$libinit$$0000000D)
    __rt_lib_init_rand_1                     0x08000237   Thumb Code     0  libinit2.o(.ARM.Collect$$libinit$$0000000C)
    __rt_lib_init_user_alloc_1               0x08000237   Thumb Code     0  libinit2.o(.ARM.Collect$$libinit$$0000000A)
    __rt_lib_init_lc_collate_1               0x0800023d   Thumb Code     0  libinit2.o(.ARM.Collect$$libinit$$0000000F)
    __rt_lib_init_lc_ctype_2                 0x0800023d   Thumb Code     0  libinit2.o(.ARM.Collect$$libinit$$00000010)
    __rt_lib_init_lc_ctype_1                 0x08000249   Thumb Code     0  libinit2.o(.ARM.Collect$$libinit$$00000011)
    __rt_lib_init_lc_monetary_1              0x08000249   Thumb Code     0  libinit2.o(.ARM.Collect$$libinit$$00000013)
    __rt_lib_init_lc_numeric_2               0x08000249   Thumb Code     0  libinit2.o(.ARM.Collect$$libinit$$00000014)
    __rt_lib_init_alloca_1                   0x08000253   Thumb Code     0  libinit2.o(.ARM.Collect$$libinit$$0000002C)
    __rt_lib_init_argv_1                     0x08000253   Thumb Code     0  libinit2.o(.ARM.Collect$$libinit$$0000002A)
    __rt_lib_init_atexit_1                   0x08000253   Thumb Code     0  libinit2.o(.ARM.Collect$$libinit$$00000019)
    __rt_lib_init_clock_1                    0x08000253   Thumb Code     0  libinit2.o(.ARM.Collect$$libinit$$0000001F)
    __rt_lib_init_cpp_1                      0x08000253   Thumb Code     0  libinit2.o(.ARM.Collect$$libinit$$00000030)
    __rt_lib_init_exceptions_1               0x08000253   Thumb Code     0  libinit2.o(.ARM.Collect$$libinit$$0000002E)
    __rt_lib_init_fp_trap_1                  0x08000253   Thumb Code     0  libinit2.o(.ARM.Collect$$libinit$$0000001D)
    __rt_lib_init_getenv_1                   0x08000253   Thumb Code     0  libinit2.o(.ARM.Collect$$libinit$$00000021)
    __rt_lib_init_lc_numeric_1               0x08000253   Thumb Code     0  libinit2.o(.ARM.Collect$$libinit$$00000015)
    __rt_lib_init_lc_time_1                  0x08000253   Thumb Code     0  libinit2.o(.ARM.Collect$$libinit$$00000017)
    __rt_lib_init_return                     0x08000253   Thumb Code     0  libinit2.o(.ARM.Collect$$libinit$$00000031)
    __rt_lib_init_signal_1                   0x08000253   Thumb Code     0  libinit2.o(.ARM.Collect$$libinit$$0000001B)
    __rt_lib_init_stdio_1                    0x08000253   Thumb Code     0  libinit2.o(.ARM.Collect$$libinit$$00000023)
    __rt_lib_shutdown                        0x08000255   Thumb Code     0  libshutdown.o(.ARM.Collect$$libshutdown$$00000000)
    __rt_lib_shutdown_fp_trap_1              0x08000257   Thumb Code     0  libshutdown2.o(.ARM.Collect$$libshutdown$$00000006)
    __rt_lib_shutdown_heap_1                 0x08000257   Thumb Code     0  libshutdown2.o(.ARM.Collect$$libshutdown$$0000000E)
    __rt_lib_shutdown_return                 0x08000257   Thumb Code     0  libshutdown2.o(.ARM.Collect$$libshutdown$$0000000F)
    __rt_lib_shutdown_signal_1               0x08000257   Thumb Code     0  libshutdown2.o(.ARM.Collect$$libshutdown$$00000009)
    __rt_lib_shutdown_stdio_1                0x08000257   Thumb Code     0  libshutdown2.o(.ARM.Collect$$libshutdown$$00000003)
    __rt_lib_shutdown_user_alloc_1           0x08000257   Thumb Code     0  libshutdown2.o(.ARM.Collect$$libshutdown$$0000000B)
    __rt_entry                               0x08000259   Thumb Code     0  rtentry.o(.ARM.Collect$$rtentry$$00000000)
    __rt_entry_presh_1                       0x08000259   Thumb Code     0  rtentry2.o(.ARM.Collect$$rtentry$$00000002)
    __rt_entry_sh                            0x08000259   Thumb Code     0  rtentry4.o(.ARM.Collect$$rtentry$$00000004)
    __rt_entry_li                            0x0800025f   Thumb Code     0  rtentry2.o(.ARM.Collect$$rtentry$$0000000A)
    __rt_entry_postsh_1                      0x0800025f   Thumb Code     0  rtentry2.o(.ARM.Collect$$rtentry$$00000009)
    __rt_entry_main                          0x08000263   Thumb Code     0  rtentry2.o(.ARM.Collect$$rtentry$$0000000D)
    __rt_entry_postli_1                      0x08000263   Thumb Code     0  rtentry2.o(.ARM.Collect$$rtentry$$0000000C)
    __rt_exit                                0x0800026b   Thumb Code     0  rtexit.o(.ARM.Collect$$rtexit$$00000000)
    __rt_exit_ls                             0x0800026d   Thumb Code     0  rtexit2.o(.ARM.Collect$$rtexit$$00000003)
    __rt_exit_prels_1                        0x0800026d   Thumb Code     0  rtexit2.o(.ARM.Collect$$rtexit$$00000002)
    __rt_exit_exit                           0x08000271   Thumb Code     0  rtexit2.o(.ARM.Collect$$rtexit$$00000004)
    TimInit                                  0x08000279   Thumb Code   126  main.o(.text)
    main                                     0x080002f7   Thumb Code    98  main.o(.text)
    NMI_Handler                              0x0800035d   Thumb Code     2  stm32f10x_it.o(.text)
    HardFault_Handler                        0x0800035f   Thumb Code     4  stm32f10x_it.o(.text)
    MemManage_Handler                        0x08000363   Thumb Code     4  stm32f10x_it.o(.text)
    BusFault_Handler                         0x08000367   Thumb Code     4  stm32f10x_it.o(.text)
    UsageFault_Handler                       0x0800036b   Thumb Code     4  stm32f10x_it.o(.text)
    SVC_Handler                              0x0800036f   Thumb Code     2  stm32f10x_it.o(.text)
    DebugMon_Handler                         0x08000371   Thumb Code     2  stm32f10x_it.o(.text)
    PendSV_Handler                           0x08000373   Thumb Code     2  stm32f10x_it.o(.text)
    TIM2_IRQHandler                          0x08000375   Thumb Code    50  stm32f10x_it.o(.text)
    SystemInit                               0x0800048d   Thumb Code    78  system_stm32f10x.o(.text)
    SystemCoreClockUpdate                    0x080004db   Thumb Code   142  system_stm32f10x.o(.text)
    Car_CommuncateInit                       0x0800058d   Thumb Code   164  car_communcation.o(.text)
    USART2_IRQHandler                        0x08000631   Thumb Code    70  car_communcation.o(.text)
    Car_CMDCheck                             0x08000677   Thumb Code   126  car_communcation.o(.text)
    DirDecode                                0x080006f5   Thumb Code    56  car_communcation.o(.text)
    SpeedDecode                              0x0800072d   Thumb Code    54  car_communcation.o(.text)
    Car_CMDProcess                           0x08000763   Thumb Code   280  car_communcation.o(.text)
    DistanceDecode                           0x0800087b   Thumb Code   170  car_communcation.o(.text)
    SpeedEncode                              0x08000925   Thumb Code    64  car_communcation.o(.text)
    DirEncode                                0x08000965   Thumb Code   124  car_communcation.o(.text)
    Motor_PinConfig                          0x080009e1   Thumb Code    66  car_drive.o(.text)
    Motor_PWMConfig                          0x08000a23   Thumb Code   140  car_drive.o(.text)
    Car_Go                                   0x08000aaf   Thumb Code   126  car_drive.o(.text)
    Car_MotorInit                            0x08000b2d   Thumb Code    34  car_drive.o(.text)
    Car_TurnRound                            0x08000b4f   Thumb Code   128  car_drive.o(.text)
    Car_SelectSignal                         0x08000bcf   Thumb Code    60  car_drive.o(.text)
    Car_Hcsr04Init                           0x08000c1d   Thumb Code   160  car_hcsr04.o(.text)
    TIM4_IRQHandler                          0x08000ce3   Thumb Code    32  car_hcsr04.o(.text)
    GetEchoTimer                             0x08000d03   Thumb Code    28  car_hcsr04.o(.text)
    Hcsr04GetLength                          0x08000d1f   Thumb Code    84  car_hcsr04.o(.text)
    Car_SpeedInit                            0x08000d91   Thumb Code   196  car_speed.o(.text)
    Car_GetSpeedValue                        0x08000e55   Thumb Code    24  car_speed.o(.text)
    EXTI0_IRQHandler                         0x08000e6d   Thumb Code    28  car_speed.o(.text)
    EXTI1_IRQHandler                         0x08000e89   Thumb Code    28  car_speed.o(.text)
    Delay_Us                                 0x08000eb1   Thumb Code    26  car_system.o(.text)
    Car_sysTickInit                          0x08000ecb   Thumb Code    84  car_system.o(.text)
    SysTick_Handler                          0x08000f1f   Thumb Code    12  car_system.o(.text)
    vlc_init                                 0x08000f3d   Thumb Code   158  vlc.o(.text)
    _sys_exit                                0x08000fe5   Thumb Code     6  gps.o(.text)
    fputc                                    0x08000feb   Thumb Code    22  gps.o(.text)
    CLR_Buf                                  0x08001001   Thumb Code    18  gps.o(.text)
    uart_init                                0x08001013   Thumb Code   156  gps.o(.text)
    USART1_IRQHandler                        0x080010af   Thumb Code   134  gps.o(.text)
    errorLog                                 0x08001135   Thumb Code    14  gps.o(.text)
    parseGpsBuffer                           0x08001143   Thumb Code   222  gps.o(.text)
    printGpsBuffer                           0x08001221   Thumb Code    84  gps.o(.text)
    Hand                                     0x08001275   Thumb Code    22  gps.o(.text)
    clrStruct                                0x0800128b   Thumb Code    72  gps.o(.text)
    Reset_Handler                            0x0800131d   Thumb Code     8  startup_stm32f10x_hd.o(.text)
    ADC1_2_IRQHandler                        0x08001337   Thumb Code     0  startup_stm32f10x_hd.o(.text)
    ADC3_IRQHandler                          0x08001337   Thumb Code     0  startup_stm32f10x_hd.o(.text)
    CAN1_RX1_IRQHandler                      0x08001337   Thumb Code     0  startup_stm32f10x_hd.o(.text)
    CAN1_SCE_IRQHandler                      0x08001337   Thumb Code     0  startup_stm32f10x_hd.o(.text)
    DMA1_Channel1_IRQHandler                 0x08001337   Thumb Code     0  startup_stm32f10x_hd.o(.text)
    DMA1_Channel2_IRQHandler                 0x08001337   Thumb Code     0  startup_stm32f10x_hd.o(.text)
    DMA1_Channel3_IRQHandler                 0x08001337   Thumb Code     0  startup_stm32f10x_hd.o(.text)
    DMA1_Channel4_IRQHandler                 0x08001337   Thumb Code     0  startup_stm32f10x_hd.o(.text)
    DMA1_Channel5_IRQHandler                 0x08001337   Thumb Code     0  startup_stm32f10x_hd.o(.text)
    DMA1_Channel6_IRQHandler                 0x08001337   Thumb Code     0  startup_stm32f10x_hd.o(.text)
    DMA1_Channel7_IRQHandler                 0x08001337   Thumb Code     0  startup_stm32f10x_hd.o(.text)
    DMA2_Channel1_IRQHandler                 0x08001337   Thumb Code     0  startup_stm32f10x_hd.o(.text)
    DMA2_Channel2_IRQHandler                 0x08001337   Thumb Code     0  startup_stm32f10x_hd.o(.text)
    DMA2_Channel3_IRQHandler                 0x08001337   Thumb Code     0  startup_stm32f10x_hd.o(.text)
    DMA2_Channel4_5_IRQHandler               0x08001337   Thumb Code     0  startup_stm32f10x_hd.o(.text)
    EXTI15_10_IRQHandler                     0x08001337   Thumb Code     0  startup_stm32f10x_hd.o(.text)
    EXTI2_IRQHandler                         0x08001337   Thumb Code     0  startup_stm32f10x_hd.o(.text)
    EXTI3_IRQHandler                         0x08001337   Thumb Code     0  startup_stm32f10x_hd.o(.text)
    EXTI4_IRQHandler                         0x08001337   Thumb Code     0  startup_stm32f10x_hd.o(.text)
    EXTI9_5_IRQHandler                       0x08001337   Thumb Code     0  startup_stm32f10x_hd.o(.text)
    FLASH_IRQHandler                         0x08001337   Thumb Code     0  startup_stm32f10x_hd.o(.text)
    FSMC_IRQHandler                          0x08001337   Thumb Code     0  startup_stm32f10x_hd.o(.text)
    I2C1_ER_IRQHandler                       0x08001337   Thumb Code     0  startup_stm32f10x_hd.o(.text)
    I2C1_EV_IRQHandler                       0x08001337   Thumb Code     0  startup_stm32f10x_hd.o(.text)
    I2C2_ER_IRQHandler                       0x08001337   Thumb Code     0  startup_stm32f10x_hd.o(.text)
    I2C2_EV_IRQHandler                       0x08001337   Thumb Code     0  startup_stm32f10x_hd.o(.text)
    PVD_IRQHandler                           0x08001337   Thumb Code     0  startup_stm32f10x_hd.o(.text)
    RCC_IRQHandler                           0x08001337   Thumb Code     0  startup_stm32f10x_hd.o(.text)
    RTCAlarm_IRQHandler                      0x08001337   Thumb Code     0  startup_stm32f10x_hd.o(.text)
    RTC_IRQHandler                           0x08001337   Thumb Code     0  startup_stm32f10x_hd.o(.text)
    SDIO_IRQHandler                          0x08001337   Thumb Code     0  startup_stm32f10x_hd.o(.text)
    SPI1_IRQHandler                          0x08001337   Thumb Code     0  startup_stm32f10x_hd.o(.text)
    SPI2_IRQHandler                          0x08001337   Thumb Code     0  startup_stm32f10x_hd.o(.text)
    SPI3_IRQHandler                          0x08001337   Thumb Code     0  startup_stm32f10x_hd.o(.text)
    TAMPER_IRQHandler                        0x08001337   Thumb Code     0  startup_stm32f10x_hd.o(.text)
    TIM1_BRK_IRQHandler                      0x08001337   Thumb Code     0  startup_stm32f10x_hd.o(.text)
    TIM1_CC_IRQHandler                       0x08001337   Thumb Code     0  startup_stm32f10x_hd.o(.text)
    TIM1_TRG_COM_IRQHandler                  0x08001337   Thumb Code     0  startup_stm32f10x_hd.o(.text)
    TIM1_UP_IRQHandler                       0x08001337   Thumb Code     0  startup_stm32f10x_hd.o(.text)
    TIM3_IRQHandler                          0x08001337   Thumb Code     0  startup_stm32f10x_hd.o(.text)
    TIM5_IRQHandler                          0x08001337   Thumb Code     0  startup_stm32f10x_hd.o(.text)
    TIM6_IRQHandler                          0x08001337   Thumb Code     0  startup_stm32f10x_hd.o(.text)
    TIM7_IRQHandler                          0x08001337   Thumb Code     0  startup_stm32f10x_hd.o(.text)
    TIM8_BRK_IRQHandler                      0x08001337   Thumb Code     0  startup_stm32f10x_hd.o(.text)
    TIM8_CC_IRQHandler                       0x08001337   Thumb Code     0  startup_stm32f10x_hd.o(.text)
    TIM8_TRG_COM_IRQHandler                  0x08001337   Thumb Code     0  startup_stm32f10x_hd.o(.text)
    TIM8_UP_IRQHandler                       0x08001337   Thumb Code     0  startup_stm32f10x_hd.o(.text)
    UART4_IRQHandler                         0x08001337   Thumb Code     0  startup_stm32f10x_hd.o(.text)
    UART5_IRQHandler                         0x08001337   Thumb Code     0  startup_stm32f10x_hd.o(.text)
    USART3_IRQHandler                        0x08001337   Thumb Code     0  startup_stm32f10x_hd.o(.text)
    USBWakeUp_IRQHandler                     0x08001337   Thumb Code     0  startup_stm32f10x_hd.o(.text)
    USB_HP_CAN1_TX_IRQHandler                0x08001337   Thumb Code     0  startup_stm32f10x_hd.o(.text)
    USB_LP_CAN1_RX0_IRQHandler               0x08001337   Thumb Code     0  startup_stm32f10x_hd.o(.text)
    WWDG_IRQHandler                          0x08001337   Thumb Code     0  startup_stm32f10x_hd.o(.text)
    __user_initial_stackheap                 0x08001339   Thumb Code     0  startup_stm32f10x_hd.o(.text)
    NVIC_PriorityGroupConfig                 0x0800135d   Thumb Code    10  misc.o(.text)
    NVIC_Init                                0x08001367   Thumb Code   102  misc.o(.text)
    NVIC_SetVectorTable                      0x080013cd   Thumb Code    14  misc.o(.text)
    NVIC_SystemLPConfig                      0x080013db   Thumb Code    34  misc.o(.text)
    SysTick_CLKSourceConfig                  0x080013fd   Thumb Code    40  misc.o(.text)
    EXTI_DeInit                              0x08001439   Thumb Code    28  stm32f10x_exti.o(.text)
    EXTI_Init                                0x08001455   Thumb Code   142  stm32f10x_exti.o(.text)
    EXTI_StructInit                          0x080014e3   Thumb Code    16  stm32f10x_exti.o(.text)
    EXTI_GenerateSWInterrupt                 0x080014f3   Thumb Code    16  stm32f10x_exti.o(.text)
    EXTI_GetFlagStatus                       0x08001503   Thumb Code    22  stm32f10x_exti.o(.text)
    EXTI_ClearFlag                           0x08001519   Thumb Code     8  stm32f10x_exti.o(.text)
    EXTI_GetITStatus                         0x08001521   Thumb Code    34  stm32f10x_exti.o(.text)
    EXTI_ClearITPendingBit                   0x08001543   Thumb Code     8  stm32f10x_exti.o(.text)
    GPIO_DeInit                              0x08001555   Thumb Code   172  stm32f10x_gpio.o(.text)
    GPIO_AFIODeInit                          0x08001601   Thumb Code    20  stm32f10x_gpio.o(.text)
    GPIO_Init                                0x08001615   Thumb Code   274  stm32f10x_gpio.o(.text)
    GPIO_StructInit                          0x08001727   Thumb Code    16  stm32f10x_gpio.o(.text)
    GPIO_ReadInputDataBit                    0x08001737   Thumb Code    18  stm32f10x_gpio.o(.text)
    GPIO_ReadInputData                       0x08001749   Thumb Code     8  stm32f10x_gpio.o(.text)
    GPIO_ReadOutputDataBit                   0x08001751   Thumb Code    18  stm32f10x_gpio.o(.text)
    GPIO_ReadOutputData                      0x08001763   Thumb Code     8  stm32f10x_gpio.o(.text)
    GPIO_SetBits                             0x0800176b   Thumb Code     4  stm32f10x_gpio.o(.text)
    GPIO_ResetBits                           0x0800176f   Thumb Code     4  stm32f10x_gpio.o(.text)
    GPIO_WriteBit                            0x08001773   Thumb Code    10  stm32f10x_gpio.o(.text)
    GPIO_Write                               0x0800177d   Thumb Code     4  stm32f10x_gpio.o(.text)
    GPIO_PinLockConfig                       0x08001781   Thumb Code    18  stm32f10x_gpio.o(.text)
    GPIO_EventOutputConfig                   0x08001793   Thumb Code    26  stm32f10x_gpio.o(.text)
    GPIO_EventOutputCmd                      0x080017ad   Thumb Code     6  stm32f10x_gpio.o(.text)
    GPIO_PinRemapConfig                      0x080017b3   Thumb Code   138  stm32f10x_gpio.o(.text)
    GPIO_EXTILineConfig                      0x0800183d   Thumb Code    66  stm32f10x_gpio.o(.text)
    GPIO_ETH_MediaInterfaceConfig            0x0800187f   Thumb Code     6  stm32f10x_gpio.o(.text)
    TIM_DeInit                               0x080018ad   Thumb Code   424  stm32f10x_tim.o(.text)
    TIM_TimeBaseInit                         0x08001a55   Thumb Code   122  stm32f10x_tim.o(.text)
    TIM_OC1Init                              0x08001acf   Thumb Code   132  stm32f10x_tim.o(.text)
    TIM_OC2Init                              0x08001b53   Thumb Code   154  stm32f10x_tim.o(.text)
    TIM_OC3Init                              0x08001bed   Thumb Code   150  stm32f10x_tim.o(.text)
    TIM_OC4Init                              0x08001c83   Thumb Code   182  stm32f10x_tim.o(.text)
    TIM_SetIC4Prescaler                      0x08001d39   Thumb Code    26  stm32f10x_tim.o(.text)
    TIM_SetIC3Prescaler                      0x08001dd5   Thumb Code    18  stm32f10x_tim.o(.text)
    TIM_SetIC2Prescaler                      0x08001e61   Thumb Code    26  stm32f10x_tim.o(.text)
    TIM_SetIC1Prescaler                      0x08001efd   Thumb Code    18  stm32f10x_tim.o(.text)
    TIM_ICInit                               0x08001f7b   Thumb Code   150  stm32f10x_tim.o(.text)
    TIM_PWMIConfig                           0x08002011   Thumb Code   124  stm32f10x_tim.o(.text)
    TIM_BDTRConfig                           0x0800208d   Thumb Code    32  stm32f10x_tim.o(.text)
    TIM_TimeBaseStructInit                   0x080020ad   Thumb Code    18  stm32f10x_tim.o(.text)
    TIM_OCStructInit                         0x080020bf   Thumb Code    20  stm32f10x_tim.o(.text)
    TIM_ICStructInit                         0x080020d3   Thumb Code    18  stm32f10x_tim.o(.text)
    TIM_BDTRStructInit                       0x080020e5   Thumb Code    40  stm32f10x_tim.o(.text)
    TIM_Cmd                                  0x0800210d   Thumb Code    24  stm32f10x_tim.o(.text)
    TIM_CtrlPWMOutputs                       0x08002125   Thumb Code    30  stm32f10x_tim.o(.text)
    TIM_ITConfig                             0x08002143   Thumb Code    18  stm32f10x_tim.o(.text)
    TIM_GenerateEvent                        0x08002155   Thumb Code     4  stm32f10x_tim.o(.text)
    TIM_DMAConfig                            0x08002159   Thumb Code    10  stm32f10x_tim.o(.text)
    TIM_DMACmd                               0x08002163   Thumb Code    18  stm32f10x_tim.o(.text)
    TIM_InternalClockConfig                  0x08002175   Thumb Code    12  stm32f10x_tim.o(.text)
    TIM_SelectInputTrigger                   0x08002181   Thumb Code    18  stm32f10x_tim.o(.text)
    TIM_ITRxExternalClockConfig              0x08002193   Thumb Code    24  stm32f10x_tim.o(.text)
    TIM_TIxExternalClockConfig               0x080021ab   Thumb Code    62  stm32f10x_tim.o(.text)
    TIM_ETRConfig                            0x080021e9   Thumb Code    28  stm32f10x_tim.o(.text)
    TIM_ETRClockMode1Config                  0x08002205   Thumb Code    54  stm32f10x_tim.o(.text)
    TIM_ETRClockMode2Config                  0x0800223b   Thumb Code    32  stm32f10x_tim.o(.text)
    TIM_PrescalerConfig                      0x0800225b   Thumb Code     6  stm32f10x_tim.o(.text)
    TIM_CounterModeConfig                    0x08002261   Thumb Code    18  stm32f10x_tim.o(.text)
    TIM_EncoderInterfaceConfig               0x08002273   Thumb Code    66  stm32f10x_tim.o(.text)
    TIM_ForcedOC1Config                      0x080022b5   Thumb Code    18  stm32f10x_tim.o(.text)
    TIM_ForcedOC2Config                      0x080022c7   Thumb Code    26  stm32f10x_tim.o(.text)
    TIM_ForcedOC3Config                      0x080022e1   Thumb Code    18  stm32f10x_tim.o(.text)
    TIM_ForcedOC4Config                      0x080022f3   Thumb Code    26  stm32f10x_tim.o(.text)
    TIM_ARRPreloadConfig                     0x0800230d   Thumb Code    24  stm32f10x_tim.o(.text)
    TIM_SelectCOM                            0x08002325   Thumb Code    24  stm32f10x_tim.o(.text)
    TIM_SelectCCDMA                          0x0800233d   Thumb Code    24  stm32f10x_tim.o(.text)
    TIM_CCPreloadControl                     0x08002355   Thumb Code    24  stm32f10x_tim.o(.text)
    TIM_OC1PreloadConfig                     0x0800236d   Thumb Code    18  stm32f10x_tim.o(.text)
    TIM_OC2PreloadConfig                     0x0800237f   Thumb Code    26  stm32f10x_tim.o(.text)
    TIM_OC3PreloadConfig                     0x08002399   Thumb Code    18  stm32f10x_tim.o(.text)
    TIM_OC4PreloadConfig                     0x080023ab   Thumb Code    26  stm32f10x_tim.o(.text)
    TIM_OC1FastConfig                        0x080023c5   Thumb Code    18  stm32f10x_tim.o(.text)
    TIM_OC2FastConfig                        0x080023d7   Thumb Code    26  stm32f10x_tim.o(.text)
    TIM_OC3FastConfig                        0x080023f1   Thumb Code    18  stm32f10x_tim.o(.text)
    TIM_OC4FastConfig                        0x08002403   Thumb Code    26  stm32f10x_tim.o(.text)
    TIM_ClearOC1Ref                          0x0800241d   Thumb Code    18  stm32f10x_tim.o(.text)
    TIM_ClearOC2Ref                          0x0800242f   Thumb Code    24  stm32f10x_tim.o(.text)
    TIM_ClearOC3Ref                          0x08002447   Thumb Code    18  stm32f10x_tim.o(.text)
    TIM_ClearOC4Ref                          0x08002459   Thumb Code    24  stm32f10x_tim.o(.text)
    TIM_OC1PolarityConfig                    0x08002471   Thumb Code    18  stm32f10x_tim.o(.text)
    TIM_OC1NPolarityConfig                   0x08002483   Thumb Code    18  stm32f10x_tim.o(.text)
    TIM_OC2PolarityConfig                    0x08002495   Thumb Code    26  stm32f10x_tim.o(.text)
    TIM_OC2NPolarityConfig                   0x080024af   Thumb Code    26  stm32f10x_tim.o(.text)
    TIM_OC3PolarityConfig                    0x080024c9   Thumb Code    26  stm32f10x_tim.o(.text)
    TIM_OC3NPolarityConfig                   0x080024e3   Thumb Code    26  stm32f10x_tim.o(.text)
    TIM_OC4PolarityConfig                    0x080024fd   Thumb Code    26  stm32f10x_tim.o(.text)
    TIM_CCxCmd                               0x08002517   Thumb Code    30  stm32f10x_tim.o(.text)
    TIM_CCxNCmd                              0x08002535   Thumb Code    30  stm32f10x_tim.o(.text)
    TIM_SelectOCxM                           0x08002553   Thumb Code    82  stm32f10x_tim.o(.text)
    TIM_UpdateDisableConfig                  0x080025a5   Thumb Code    24  stm32f10x_tim.o(.text)
    TIM_UpdateRequestConfig                  0x080025bd   Thumb Code    24  stm32f10x_tim.o(.text)
    TIM_SelectHallSensor                     0x080025d5   Thumb Code    24  stm32f10x_tim.o(.text)
    TIM_SelectOnePulseMode                   0x080025ed   Thumb Code    18  stm32f10x_tim.o(.text)
    TIM_SelectOutputTrigger                  0x080025ff   Thumb Code    18  stm32f10x_tim.o(.text)
    TIM_SelectSlaveMode                      0x08002611   Thumb Code    18  stm32f10x_tim.o(.text)
    TIM_SelectMasterSlaveMode                0x08002623   Thumb Code    18  stm32f10x_tim.o(.text)
    TIM_SetCounter                           0x08002635   Thumb Code     4  stm32f10x_tim.o(.text)
    TIM_SetAutoreload                        0x08002639   Thumb Code     4  stm32f10x_tim.o(.text)
    TIM_SetCompare1                          0x0800263d   Thumb Code     4  stm32f10x_tim.o(.text)
    TIM_SetCompare2                          0x08002641   Thumb Code     4  stm32f10x_tim.o(.text)
    TIM_SetCompare3                          0x08002645   Thumb Code     4  stm32f10x_tim.o(.text)
    TIM_SetCompare4                          0x08002649   Thumb Code     6  stm32f10x_tim.o(.text)
    TIM_SetClockDivision                     0x0800264f   Thumb Code    18  stm32f10x_tim.o(.text)
    TIM_GetCapture1                          0x08002661   Thumb Code     6  stm32f10x_tim.o(.text)
    TIM_GetCapture2                          0x08002667   Thumb Code     6  stm32f10x_tim.o(.text)
    TIM_GetCapture3                          0x0800266d   Thumb Code     6  stm32f10x_tim.o(.text)
    TIM_GetCapture4                          0x08002673   Thumb Code     8  stm32f10x_tim.o(.text)
    TIM_GetCounter                           0x0800267b   Thumb Code     6  stm32f10x_tim.o(.text)
    TIM_GetPrescaler                         0x08002681   Thumb Code     6  stm32f10x_tim.o(.text)
    TIM_GetFlagStatus                        0x08002687   Thumb Code    18  stm32f10x_tim.o(.text)
    TIM_ClearFlag                            0x08002699   Thumb Code     6  stm32f10x_tim.o(.text)
    TIM_GetITStatus                          0x0800269f   Thumb Code    34  stm32f10x_tim.o(.text)
    TIM_ClearITPendingBit                    0x080026c1   Thumb Code     6  stm32f10x_tim.o(.text)
    USART_DeInit                             0x080026c9   Thumb Code   134  stm32f10x_usart.o(.text)
    USART_Init                               0x0800274f   Thumb Code   210  stm32f10x_usart.o(.text)
    USART_StructInit                         0x08002821   Thumb Code    24  stm32f10x_usart.o(.text)
    USART_ClockInit                          0x08002839   Thumb Code    34  stm32f10x_usart.o(.text)
    USART_ClockStructInit                    0x0800285b   Thumb Code    12  stm32f10x_usart.o(.text)
    USART_Cmd                                0x08002867   Thumb Code    24  stm32f10x_usart.o(.text)
    USART_ITConfig                           0x0800287f   Thumb Code    74  stm32f10x_usart.o(.text)
    USART_DMACmd                             0x080028c9   Thumb Code    18  stm32f10x_usart.o(.text)
    USART_SetAddress                         0x080028db   Thumb Code    18  stm32f10x_usart.o(.text)
    USART_WakeUpConfig                       0x080028ed   Thumb Code    18  stm32f10x_usart.o(.text)
    USART_ReceiverWakeUpCmd                  0x080028ff   Thumb Code    24  stm32f10x_usart.o(.text)
    USART_LINBreakDetectLengthConfig         0x08002917   Thumb Code    18  stm32f10x_usart.o(.text)
    USART_LINCmd                             0x08002929   Thumb Code    24  stm32f10x_usart.o(.text)
    USART_SendData                           0x08002941   Thumb Code     8  stm32f10x_usart.o(.text)
    USART_ReceiveData                        0x08002949   Thumb Code    10  stm32f10x_usart.o(.text)
    USART_SendBreak                          0x08002953   Thumb Code    10  stm32f10x_usart.o(.text)
    USART_SetGuardTime                       0x0800295d   Thumb Code    16  stm32f10x_usart.o(.text)
    USART_SetPrescaler                       0x0800296d   Thumb Code    16  stm32f10x_usart.o(.text)
    USART_SmartCardCmd                       0x0800297d   Thumb Code    24  stm32f10x_usart.o(.text)
    USART_SmartCardNACKCmd                   0x08002995   Thumb Code    24  stm32f10x_usart.o(.text)
    USART_HalfDuplexCmd                      0x080029ad   Thumb Code    24  stm32f10x_usart.o(.text)
    USART_OverSampling8Cmd                   0x080029c5   Thumb Code    22  stm32f10x_usart.o(.text)
    USART_OneBitMethodCmd                    0x080029db   Thumb Code    24  stm32f10x_usart.o(.text)
    USART_IrDAConfig                         0x080029f3   Thumb Code    18  stm32f10x_usart.o(.text)
    USART_IrDACmd                            0x08002a05   Thumb Code    24  stm32f10x_usart.o(.text)
    USART_GetFlagStatus                      0x08002a1d   Thumb Code    26  stm32f10x_usart.o(.text)
    USART_ClearFlag                          0x08002a37   Thumb Code    18  stm32f10x_usart.o(.text)
    USART_GetITStatus                        0x08002a49   Thumb Code    84  stm32f10x_usart.o(.text)
    USART_ClearITPendingBit                  0x08002a9d   Thumb Code    52  stm32f10x_usart.o(.text)
    RCC_DeInit                               0x08002ad1   Thumb Code    64  stm32f10x_rcc.o(.text)
    RCC_HSEConfig                            0x08002b11   Thumb Code    70  stm32f10x_rcc.o(.text)
    RCC_GetFlagStatus                        0x08002b57   Thumb Code    56  stm32f10x_rcc.o(.text)
    RCC_WaitForHSEStartUp                    0x08002b8f   Thumb Code    56  stm32f10x_rcc.o(.text)
    RCC_AdjustHSICalibrationValue            0x08002bc7   Thumb Code    20  stm32f10x_rcc.o(.text)
    RCC_HSICmd                               0x08002bdb   Thumb Code     6  stm32f10x_rcc.o(.text)
    RCC_PLLConfig                            0x08002be1   Thumb Code    24  stm32f10x_rcc.o(.text)
    RCC_PLLCmd                               0x08002bf9   Thumb Code     6  stm32f10x_rcc.o(.text)
    RCC_SYSCLKConfig                         0x08002bff   Thumb Code    18  stm32f10x_rcc.o(.text)
    RCC_GetSYSCLKSource                      0x08002c11   Thumb Code    10  stm32f10x_rcc.o(.text)
    RCC_HCLKConfig                           0x08002c1b   Thumb Code    18  stm32f10x_rcc.o(.text)
    RCC_PCLK1Config                          0x08002c2d   Thumb Code    18  stm32f10x_rcc.o(.text)
    RCC_PCLK2Config                          0x08002c3f   Thumb Code    20  stm32f10x_rcc.o(.text)
    RCC_ITConfig                             0x08002c53   Thumb Code    26  stm32f10x_rcc.o(.text)
    RCC_USBCLKConfig                         0x08002c6d   Thumb Code     6  stm32f10x_rcc.o(.text)
    RCC_ADCCLKConfig                         0x08002c73   Thumb Code    18  stm32f10x_rcc.o(.text)
    RCC_LSEConfig                            0x08002c85   Thumb Code    44  stm32f10x_rcc.o(.text)
    RCC_LSICmd                               0x08002cb1   Thumb Code     6  stm32f10x_rcc.o(.text)
    RCC_RTCCLKConfig                         0x08002cb7   Thumb Code    12  stm32f10x_rcc.o(.text)
    RCC_RTCCLKCmd                            0x08002cc3   Thumb Code     8  stm32f10x_rcc.o(.text)
    RCC_GetClocksFreq                        0x08002ccb   Thumb Code   192  stm32f10x_rcc.o(.text)
    RCC_AHBPeriphClockCmd                    0x08002d8b   Thumb Code    26  stm32f10x_rcc.o(.text)
    RCC_APB2PeriphClockCmd                   0x08002da5   Thumb Code    26  stm32f10x_rcc.o(.text)
    RCC_APB1PeriphClockCmd                   0x08002dbf   Thumb Code    26  stm32f10x_rcc.o(.text)
    RCC_APB2PeriphResetCmd                   0x08002dd9   Thumb Code    26  stm32f10x_rcc.o(.text)
    RCC_APB1PeriphResetCmd                   0x08002df3   Thumb Code    26  stm32f10x_rcc.o(.text)
    RCC_BackupResetCmd                       0x08002e0d   Thumb Code     8  stm32f10x_rcc.o(.text)
    RCC_ClockSecuritySystemCmd               0x08002e15   Thumb Code     6  stm32f10x_rcc.o(.text)
    RCC_MCOConfig                            0x08002e1b   Thumb Code     6  stm32f10x_rcc.o(.text)
    RCC_ClearFlag                            0x08002e21   Thumb Code    14  stm32f10x_rcc.o(.text)
    RCC_GetITStatus                          0x08002e2f   Thumb Code    20  stm32f10x_rcc.o(.text)
    RCC_ClearITPendingBit                    0x08002e43   Thumb Code     6  stm32f10x_rcc.o(.text)
    __use_no_semihosting                     0x08002e75   Thumb Code     2  use_no_semi_2.o(.text)
    __c89printf                              0x08002e79   Thumb Code    20  c89printf.o(.text)
    __2printf                                0x08002e91   Thumb Code    20  __2printf.o(.text)
    strstr                                   0x08002ea9   Thumb Code    36  strstr.o(.text)
    __aeabi_memcpy                           0x08002ecd   Thumb Code     0  rt_memcpy_v6.o(.text)
    __rt_memcpy                              0x08002ecd   Thumb Code   138  rt_memcpy_v6.o(.text)
    _memcpy_lastbytes                        0x08002f33   Thumb Code     0  rt_memcpy_v6.o(.text)
    __aeabi_memclr                           0x08002f57   Thumb Code     0  rt_memclr.o(.text)
    __rt_memclr                              0x08002f57   Thumb Code    68  rt_memclr.o(.text)
    _memset                                  0x08002f5b   Thumb Code     0  rt_memclr.o(.text)
    __use_two_region_memory                  0x08002f9b   Thumb Code     2  heapauxi.o(.text)
    __rt_heap_escrow$2region                 0x08002f9d   Thumb Code     2  heapauxi.o(.text)
    __rt_heap_expand$2region                 0x08002f9f   Thumb Code     2  heapauxi.o(.text)
    __I$use$semihosting                      0x08002fa1   Thumb Code     0  use_no_semi.o(.text)
    __use_no_semihosting_swi                 0x08002fa1   Thumb Code     2  use_no_semi.o(.text)
    _printf_pre_padding                      0x08002fa3   Thumb Code    46  _printf_pad.o(.text)
    _printf_post_padding                     0x08002fd1   Thumb Code    36  _printf_pad.o(.text)
    _printf_truncate_signed                  0x08002ff5   Thumb Code    18  _printf_truncate.o(.text)
    _printf_truncate_unsigned                0x08003007   Thumb Code    18  _printf_truncate.o(.text)
    _printf_str                              0x08003019   Thumb Code    82  _printf_str.o(.text)
    _printf_int_dec                          0x0800306d   Thumb Code   102  _printf_dec.o(.text)
    _printf_charcount                        0x080030e5   Thumb Code    42  _printf_charcount.o(.text)
    _printf_char_file                        0x08003111   Thumb Code    32  _printf_char_file.o(.text)
    _printf_wctomb                           0x08003135   Thumb Code   182  _printf_wctomb.o(.text)
    _printf_longlong_dec                     0x080031f1   Thumb Code   104  _printf_longlong_dec.o(.text)
    _printf_longlong_oct                     0x08003269   Thumb Code    76  _printf_oct_int_ll.o(.text)
    _printf_int_oct                          0x080032b5   Thumb Code    24  _printf_oct_int_ll.o(.text)
    _printf_ll_oct                           0x080032cd   Thumb Code    12  _printf_oct_int_ll.o(.text)
    _printf_longlong_hex                     0x080032e1   Thumb Code    92  _printf_hex_int_ll_ptr.o(.text)
    _printf_int_hex                          0x0800333d   Thumb Code    28  _printf_hex_int_ll_ptr.o(.text)
    _printf_ll_hex                           0x08003359   Thumb Code    12  _printf_hex_int_ll_ptr.o(.text)
    _printf_hex_ptr                          0x08003365   Thumb Code    18  _printf_hex_int_ll_ptr.o(.text)
    __printf                                 0x0800337d   Thumb Code   390  __printf_flags_ss_wp.o(.text)
    __aeabi_memcpy4                          0x08003509   Thumb Code     0  rt_memcpy_w.o(.text)
    __aeabi_memcpy8                          0x08003509   Thumb Code     0  rt_memcpy_w.o(.text)
    __rt_memcpy_w                            0x08003509   Thumb Code   100  rt_memcpy_w.o(.text)
    _memcpy_lastbytes_aligned                0x08003551   Thumb Code     0  rt_memcpy_w.o(.text)
    __aeabi_memclr4                          0x0800356d   Thumb Code     0  rt_memclr_w.o(.text)
    __aeabi_memclr8                          0x0800356d   Thumb Code     0  rt_memclr_w.o(.text)
    __rt_memclr_w                            0x0800356d   Thumb Code    78  rt_memclr_w.o(.text)
    _memset_w                                0x08003571   Thumb Code     0  rt_memclr_w.o(.text)
    _ll_udiv10                               0x080035bb   Thumb Code   138  lludiv10.o(.text)
    _printf_int_common                       0x08003645   Thumb Code   184  _printf_intcommon.o(.text)
    __lib_sel_fp_printf                      0x080036fd   Thumb Code     2  _printf_fp_dec.o(.text)
    _printf_fp_dec_real                      0x080038a9   Thumb Code   628  _printf_fp_dec.o(.text)
    _printf_char_common                      0x08003b27   Thumb Code    32  _printf_char_common.o(.text)
    _printf_cs_common                        0x08003b4d   Thumb Code    20  _printf_char.o(.text)
    _printf_char                             0x08003b61   Thumb Code    16  _printf_char.o(.text)
    _printf_string                           0x08003b71   Thumb Code     8  _printf_char.o(.text)
    _printf_lcs_common                       0x08003b79   Thumb Code    20  _printf_wchar.o(.text)
    _printf_wchar                            0x08003b8d   Thumb Code    16  _printf_wchar.o(.text)
    _printf_wstring                          0x08003b9d   Thumb Code     8  _printf_wchar.o(.text)
    ferror                                   0x08003ba5   Thumb Code     8  ferror.o(.text)
    _wcrtomb                                 0x08003bad   Thumb Code    64  _wcrtomb.o(.text)
    __user_setup_stackheap                   0x08003bed   Thumb Code    74  sys_stackheap_outer.o(.text)
    __rt_ctype_table                         0x08003c39   Thumb Code    16  rt_ctype_table.o(.text)
    __rt_locale                              0x08003c49   Thumb Code     8  rt_locale_intlibspace.o(.text)
    _printf_fp_infnan                        0x08003c51   Thumb Code   112  _printf_fp_infnan.o(.text)
    _btod_etento                             0x08003cd1   Thumb Code   222  bigflt0.o(.text)
    exit                                     0x08003db5   Thumb Code    12  exit.o(.text)
    __user_libspace                          0x08003dc1   Thumb Code     8  libspace.o(.text)
    __user_perproc_libspace                  0x08003dc1   Thumb Code     0  libspace.o(.text)
    __user_perthread_libspace                0x08003dc1   Thumb Code     0  libspace.o(.text)
    strcmp                                   0x08003dc9   Thumb Code   128  strcmpv7m.o(.text)
    _btod_d2e                                0x08003e49   Thumb Code    62  btod.o(CL$$btod_d2e)
    _d2e_denorm_low                          0x08003e87   Thumb Code    70  btod.o(CL$$btod_d2e_denorm_low)
    _d2e_norm_op1                            0x08003ecd   Thumb Code    96  btod.o(CL$$btod_d2e_norm_op1)
    __btod_div_common                        0x08003f2d   Thumb Code   696  btod.o(CL$$btod_div_common)
    _e2e                                     0x08004265   Thumb Code   198  btod.o(CL$$btod_e2e)
    _btod_ediv                               0x0800432b   Thumb Code    40  btod.o(CL$$btod_ediv)
    _btod_emul                               0x08004353   Thumb Code    40  btod.o(CL$$btod_emul)
    __btod_mult_common                       0x0800437b   Thumb Code   580  btod.o(CL$$btod_mult_common)
    __ARM_fpclassify                         0x080045bf   Thumb Code    40  fpclassify.o(i.__ARM_fpclassify)
    _is_digit                                0x080045e7   Thumb Code    14  __printf_wp.o(i._is_digit)
    _get_lc_numeric                          0x080045f5   Thumb Code    44  lc_numeric_c.o(locale$$code)
    _get_lc_ctype                            0x08004621   Thumb Code    44  lc_ctype_c.o(locale$$code)
    __aeabi_d2f                              0x0800464d   Thumb Code     0  d2f.o(x$fpl$d2f)
    _d2f                                     0x0800464d   Thumb Code    98  d2f.o(x$fpl$d2f)
    __aeabi_dadd                             0x080046b1   Thumb Code     0  daddsub_clz.o(x$fpl$dadd)
    _dadd                                    0x080046b1   Thumb Code   332  daddsub_clz.o(x$fpl$dadd)
    __aeabi_ui2d                             0x08004801   Thumb Code     0  dflt_clz.o(x$fpl$dfltu)
    _dfltu                                   0x08004801   Thumb Code    38  dflt_clz.o(x$fpl$dfltu)
    __aeabi_dmul                             0x08004829   Thumb Code     0  dmul.o(x$fpl$dmul)
    _dmul                                    0x08004829   Thumb Code   332  dmul.o(x$fpl$dmul)
    __fpl_dnaninf                            0x0800497d   Thumb Code   156  dnaninf.o(x$fpl$dnaninf)
    __fpl_dretinf                            0x08004a19   Thumb Code    12  dretinf.o(x$fpl$dretinf)
    __aeabi_dsub                             0x08004a25   Thumb Code     0  daddsub_clz.o(x$fpl$dsub)
    _dsub                                    0x08004a25   Thumb Code   464  daddsub_clz.o(x$fpl$dsub)
    __aeabi_f2d                              0x08004bf9   Thumb Code     0  f2d.o(x$fpl$f2d)
    _f2d                                     0x08004bf9   Thumb Code    86  f2d.o(x$fpl$f2d)
    __aeabi_fadd                             0x08004c51   Thumb Code     0  faddsub_clz.o(x$fpl$fadd)
    _fadd                                    0x08004c51   Thumb Code   196  faddsub_clz.o(x$fpl$fadd)
    __aeabi_fdiv                             0x08004d15   Thumb Code     0  fdiv.o(x$fpl$fdiv)
    _fdiv                                    0x08004d15   Thumb Code   384  fdiv.o(x$fpl$fdiv)
    __aeabi_f2uiz                            0x08004e99   Thumb Code     0  ffixu.o(x$fpl$ffixu)
    _ffixu                                   0x08004e99   Thumb Code    62  ffixu.o(x$fpl$ffixu)
    __aeabi_i2f                              0x08004ed9   Thumb Code     0  fflt_clz.o(x$fpl$fflt)
    _fflt                                    0x08004ed9   Thumb Code    48  fflt_clz.o(x$fpl$fflt)
    __aeabi_ui2f                             0x08004f09   Thumb Code     0  fflt_clz.o(x$fpl$ffltu)
    _ffltu                                   0x08004f09   Thumb Code    38  fflt_clz.o(x$fpl$ffltu)
    __aeabi_fmul                             0x08004f31   Thumb Code     0  fmul.o(x$fpl$fmul)
    _fmul                                    0x08004f31   Thumb Code   258  fmul.o(x$fpl$fmul)
    __fpl_fnaninf                            0x08005033   Thumb Code   140  fnaninf.o(x$fpl$fnaninf)
    __fpl_fretinf                            0x080050bf   Thumb Code    10  fretinf.o(x$fpl$fretinf)
    __aeabi_fsub                             0x080050c9   Thumb Code     0  faddsub_clz.o(x$fpl$fsub)
    _fsub                                    0x080050c9   Thumb Code   234  faddsub_clz.o(x$fpl$fsub)
    _printf_fp_dec                           0x080051b3   Thumb Code     4  printf1.o(x$fpl$printf1)
    __I$use$fp                               0x080051b6   Number         0  usenofp.o(x$fpl$usenofp)
    Region$$Table$$Base                      0x08005290   Number         0  anon$$obj.o(Region$$Table)
    Region$$Table$$Limit                     0x080052b0   Number         0  anon$$obj.o(Region$$Table)
    __ctype                                  0x080052d9   Data           0  lc_ctype_c.o(locale$$data)
    SystemCoreClock                          0x20000000   Data           4  system_stm32f10x.o(.data)
    AHBPrescTable                            0x20000004   Data          16  system_stm32f10x.o(.data)
    Car_CommuncateBuffer_RX                  0x20000014   Data           8  car_communcation.o(.data)
    Car_CommuncateBuffer_TX                  0x2000001c   Data           8  car_communcation.o(.data)
    Car_Dat_temp                             0x20000024   Data           6  car_communcation.o(.data)
    Receive_Flag                             0x2000002a   Data           1  car_communcation.o(.data)
    Check_Flag                               0x2000002b   Data           1  car_communcation.o(.data)
    iStack                                   0x2000002c   Data           1  car_communcation.o(.data)
    tmp                                      0x20000030   Data           4  car_communcation.o(.data)
    iHead                                    0x20000034   Data           1  car_communcation.o(.data)
    SelectTim                                0x20000038   Data           4  car_drive.o(.data)
    SelectDir                                0x2000003c   Data           4  car_drive.o(.data)
    msHcCount                                0x20000040   Data           2  car_hcsr04.o(.data)
    Car_SpeedPulse_L                         0x20000044   Data           4  car_speed.o(.data)
    Car_SpeedPulse_R                         0x20000048   Data           4  car_speed.o(.data)
    Car_StatusCounter                        0x2000004c   Data           4  car_system.o(.data)
    point1                                   0x20000050   Data           2  gps.o(.data)
    USART_RX_STA                             0x20000052   Data           2  gps.o(.data)
    rxdatabufer                              0x20000054   Data           1  gps.o(.data)
    __stdout                                 0x20000058   Data           4  gps.o(.data)
    Save_Data                                0x20000070   Data         121  gps.o(.bss)
    USART_RX_BUF                             0x200000e9   Data         200  gps.o(.bss)
    __libspace_start                         0x200001b4   Data          96  libspace.o(.bss)
    __temporary_stack_top$libspace           0x20000214   Data           0  libspace.o(.bss)



==============================================================================

Memory Map of the image

  Image Entry point : 0x08000131

  Load Region LR_IROM1 (Base: 0x08000000, Size: 0x0000544c, Max: 0x00040000, ABSOLUTE)

    Execution Region ER_IROM1 (Base: 0x08000000, Size: 0x000053dc, Max: 0x00040000, ABSOLUTE)

    Base Addr    Size         Type   Attr      Idx    E Section Name        Object

    0x08000000   0x00000130   Data   RO          338    RESET               startup_stm32f10x_hd.o
    0x08000130   0x00000008   Code   RO          473  * !!!main             c_w.l(__main.o)
    0x08000138   0x00000034   Code   RO          836    !!!scatter          c_w.l(__scatter.o)
    0x0800016c   0x0000001a   Code   RO          838    !!handler_copy      c_w.l(__scatter_copy.o)
    0x08000186   0x00000002   PAD
    0x08000188   0x0000001c   Code   RO          840    !!handler_zi        c_w.l(__scatter_zi.o)
    0x080001a4   0x00000000   Code   RO          597    .ARM.Collect$$_printf_percent$$00000000  c_w.l(_printf_percent.o)
    0x080001a4   0x00000006   Code   RO          586    .ARM.Collect$$_printf_percent$$00000001  c_w.l(_printf_n.o)
    0x080001aa   0x00000006   Code   RO          588    .ARM.Collect$$_printf_percent$$00000002  c_w.l(_printf_p.o)
    0x080001b0   0x00000006   Code   RO          593    .ARM.Collect$$_printf_percent$$00000003  c_w.l(_printf_f.o)
    0x080001b6   0x00000006   Code   RO          594    .ARM.Collect$$_printf_percent$$00000004  c_w.l(_printf_e.o)
    0x080001bc   0x00000006   Code   RO          595    .ARM.Collect$$_printf_percent$$00000005  c_w.l(_printf_g.o)
    0x080001c2   0x00000006   Code   RO          596    .ARM.Collect$$_printf_percent$$00000006  c_w.l(_printf_a.o)
    0x080001c8   0x0000000a   Code   RO          601    .ARM.Collect$$_printf_percent$$00000007  c_w.l(_printf_ll.o)
    0x080001d2   0x00000006   Code   RO          590    .ARM.Collect$$_printf_percent$$00000008  c_w.l(_printf_i.o)
    0x080001d8   0x00000006   Code   RO          591    .ARM.Collect$$_printf_percent$$00000009  c_w.l(_printf_d.o)
    0x080001de   0x00000006   Code   RO          592    .ARM.Collect$$_printf_percent$$0000000A  c_w.l(_printf_u.o)
    0x080001e4   0x00000006   Code   RO          589    .ARM.Collect$$_printf_percent$$0000000B  c_w.l(_printf_o.o)
    0x080001ea   0x00000006   Code   RO          587    .ARM.Collect$$_printf_percent$$0000000C  c_w.l(_printf_x.o)
    0x080001f0   0x00000006   Code   RO          598    .ARM.Collect$$_printf_percent$$0000000D  c_w.l(_printf_lli.o)
    0x080001f6   0x00000006   Code   RO          599    .ARM.Collect$$_printf_percent$$0000000E  c_w.l(_printf_lld.o)
    0x080001fc   0x00000006   Code   RO          600    .ARM.Collect$$_printf_percent$$0000000F  c_w.l(_printf_llu.o)
    0x08000202   0x00000006   Code   RO          605    .ARM.Collect$$_printf_percent$$00000010  c_w.l(_printf_llo.o)
    0x08000208   0x00000006   Code   RO          606    .ARM.Collect$$_printf_percent$$00000011  c_w.l(_printf_llx.o)
    0x0800020e   0x0000000a   Code   RO          602    .ARM.Collect$$_printf_percent$$00000012  c_w.l(_printf_l.o)
    0x08000218   0x00000006   Code   RO          584    .ARM.Collect$$_printf_percent$$00000013  c_w.l(_printf_c.o)
    0x0800021e   0x00000006   Code   RO          585    .ARM.Collect$$_printf_percent$$00000014  c_w.l(_printf_s.o)
    0x08000224   0x00000006   Code   RO          603    .ARM.Collect$$_printf_percent$$00000015  c_w.l(_printf_lc.o)
    0x0800022a   0x00000006   Code   RO          604    .ARM.Collect$$_printf_percent$$00000016  c_w.l(_printf_ls.o)
    0x08000230   0x00000004   Code   RO          649    .ARM.Collect$$_printf_percent$$00000017  c_w.l(_printf_percent_end.o)
    0x08000234   0x00000002   Code   RO          704    .ARM.Collect$$libinit$$00000000  c_w.l(libinit.o)
    0x08000236   0x00000000   Code   RO          720    .ARM.Collect$$libinit$$00000002  c_w.l(libinit2.o)
    0x08000236   0x00000000   Code   RO          723    .ARM.Collect$$libinit$$00000008  c_w.l(libinit2.o)
    0x08000236   0x00000000   Code   RO          725    .ARM.Collect$$libinit$$0000000A  c_w.l(libinit2.o)
    0x08000236   0x00000000   Code   RO          727    .ARM.Collect$$libinit$$0000000C  c_w.l(libinit2.o)
    0x08000236   0x00000006   Code   RO          728    .ARM.Collect$$libinit$$0000000D  c_w.l(libinit2.o)
    0x0800023c   0x00000000   Code   RO          730    .ARM.Collect$$libinit$$0000000F  c_w.l(libinit2.o)
    0x0800023c   0x0000000c   Code   RO          731    .ARM.Collect$$libinit$$00000010  c_w.l(libinit2.o)
    0x08000248   0x00000000   Code   RO          732    .ARM.Collect$$libinit$$00000011  c_w.l(libinit2.o)
    0x08000248   0x00000000   Code   RO          734    .ARM.Collect$$libinit$$00000013  c_w.l(libinit2.o)
    0x08000248   0x0000000a   Code   RO          735    .ARM.Collect$$libinit$$00000014  c_w.l(libinit2.o)
    0x08000252   0x00000000   Code   RO          736    .ARM.Collect$$libinit$$00000015  c_w.l(libinit2.o)
    0x08000252   0x00000000   Code   RO          738    .ARM.Collect$$libinit$$00000017  c_w.l(libinit2.o)
    0x08000252   0x00000000   Code   RO          740    .ARM.Collect$$libinit$$00000019  c_w.l(libinit2.o)
    0x08000252   0x00000000   Code   RO          742    .ARM.Collect$$libinit$$0000001B  c_w.l(libinit2.o)
    0x08000252   0x00000000   Code   RO          744    .ARM.Collect$$libinit$$0000001D  c_w.l(libinit2.o)
    0x08000252   0x00000000   Code   RO          746    .ARM.Collect$$libinit$$0000001F  c_w.l(libinit2.o)
    0x08000252   0x00000000   Code   RO          748    .ARM.Collect$$libinit$$00000021  c_w.l(libinit2.o)
    0x08000252   0x00000000   Code   RO          750    .ARM.Collect$$libinit$$00000023  c_w.l(libinit2.o)
    0x08000252   0x00000000   Code   RO          754    .ARM.Collect$$libinit$$0000002A  c_w.l(libinit2.o)
    0x08000252   0x00000000   Code   RO          756    .ARM.Collect$$libinit$$0000002C  c_w.l(libinit2.o)
    0x08000252   0x00000000   Code   RO          758    .ARM.Collect$$libinit$$0000002E  c_w.l(libinit2.o)
    0x08000252   0x00000000   Code   RO          760    .ARM.Collect$$libinit$$00000030  c_w.l(libinit2.o)
    0x08000252   0x00000002   Code   RO          761    .ARM.Collect$$libinit$$00000031  c_w.l(libinit2.o)
    0x08000254   0x00000002   Code   RO          779    .ARM.Collect$$libshutdown$$00000000  c_w.l(libshutdown.o)
    0x08000256   0x00000000   Code   RO          790    .ARM.Collect$$libshutdown$$00000003  c_w.l(libshutdown2.o)
    0x08000256   0x00000000   Code   RO          793    .ARM.Collect$$libshutdown$$00000006  c_w.l(libshutdown2.o)
    0x08000256   0x00000000   Code   RO          796    .ARM.Collect$$libshutdown$$00000009  c_w.l(libshutdown2.o)
    0x08000256   0x00000000   Code   RO          798    .ARM.Collect$$libshutdown$$0000000B  c_w.l(libshutdown2.o)
    0x08000256   0x00000000   Code   RO          801    .ARM.Collect$$libshutdown$$0000000E  c_w.l(libshutdown2.o)
    0x08000256   0x00000002   Code   RO          802    .ARM.Collect$$libshutdown$$0000000F  c_w.l(libshutdown2.o)
    0x08000258   0x00000000   Code   RO          517    .ARM.Collect$$rtentry$$00000000  c_w.l(rtentry.o)
    0x08000258   0x00000000   Code   RO          623    .ARM.Collect$$rtentry$$00000002  c_w.l(rtentry2.o)
    0x08000258   0x00000006   Code   RO          635    .ARM.Collect$$rtentry$$00000004  c_w.l(rtentry4.o)
    0x0800025e   0x00000000   Code   RO          625    .ARM.Collect$$rtentry$$00000009  c_w.l(rtentry2.o)
    0x0800025e   0x00000004   Code   RO          626    .ARM.Collect$$rtentry$$0000000A  c_w.l(rtentry2.o)
    0x08000262   0x00000000   Code   RO          628    .ARM.Collect$$rtentry$$0000000C  c_w.l(rtentry2.o)
    0x08000262   0x00000008   Code   RO          629    .ARM.Collect$$rtentry$$0000000D  c_w.l(rtentry2.o)
    0x0800026a   0x00000002   Code   RO          712    .ARM.Collect$$rtexit$$00000000  c_w.l(rtexit.o)
    0x0800026c   0x00000000   Code   RO          763    .ARM.Collect$$rtexit$$00000002  c_w.l(rtexit2.o)
    0x0800026c   0x00000004   Code   RO          764    .ARM.Collect$$rtexit$$00000003  c_w.l(rtexit2.o)
    0x08000270   0x00000006   Code   RO          765    .ARM.Collect$$rtexit$$00000004  c_w.l(rtexit2.o)
    0x08000276   0x00000002   PAD
    0x08000278   0x000000e4   Code   RO            1    .text               main.o
    0x0800035c   0x00000054   Code   RO          135    .text               stm32f10x_it.o
    0x080003b0   0x000001dc   Code   RO          148    .text               system_stm32f10x.o
    0x0800058c   0x00000454   Code   RO          166    .text               car_communcation.o
    0x080009e0   0x0000023c   Code   RO          181    .text               car_drive.o
    0x08000c1c   0x00000174   Code   RO          202    .text               car_hcsr04.o
    0x08000d90   0x00000120   Code   RO          217    .text               car_speed.o
    0x08000eb0   0x0000008c   Code   RO          235    .text               car_system.o
    0x08000f3c   0x000000a8   Code   RO          287    .text               vlc.o
    0x08000fe4   0x00000338   Code   RO          302    .text               gps.o
    0x0800131c   0x00000040   Code   RO          339    .text               startup_stm32f10x_hd.o
    0x0800135c   0x000000dc   Code   RO          343    .text               misc.o
    0x08001438   0x0000011c   Code   RO          381    .text               stm32f10x_exti.o
    0x08001554   0x00000358   Code   RO          393    .text               stm32f10x_gpio.o
    0x080018ac   0x00000e1a   Code   RO          405    .text               stm32f10x_tim.o
    0x080026c6   0x00000002   PAD
    0x080026c8   0x00000408   Code   RO          417    .text               stm32f10x_usart.o
    0x08002ad0   0x000003a4   Code   RO          429    .text               stm32f10x_rcc.o
    0x08002e74   0x00000002   Code   RO          457    .text               c_w.l(use_no_semi_2.o)
    0x08002e76   0x00000002   PAD
    0x08002e78   0x00000018   Code   RO          459    .text               c_w.l(c89printf.o)
    0x08002e90   0x00000018   Code   RO          461    .text               c_w.l(__2printf.o)
    0x08002ea8   0x00000024   Code   RO          465    .text               c_w.l(strstr.o)
    0x08002ecc   0x0000008a   Code   RO          467    .text               c_w.l(rt_memcpy_v6.o)
    0x08002f56   0x00000044   Code   RO          469    .text               c_w.l(rt_memclr.o)
    0x08002f9a   0x00000006   Code   RO          471    .text               c_w.l(heapauxi.o)
    0x08002fa0   0x00000002   Code   RO          515    .text               c_w.l(use_no_semi.o)
    0x08002fa2   0x00000052   Code   RO          520    .text               c_w.l(_printf_pad.o)
    0x08002ff4   0x00000024   Code   RO          522    .text               c_w.l(_printf_truncate.o)
    0x08003018   0x00000052   Code   RO          524    .text               c_w.l(_printf_str.o)
    0x0800306a   0x00000002   PAD
    0x0800306c   0x00000078   Code   RO          526    .text               c_w.l(_printf_dec.o)
    0x080030e4   0x0000002a   Code   RO          528    .text               c_w.l(_printf_charcount.o)
    0x0800310e   0x00000002   PAD
    0x08003110   0x00000024   Code   RO          530    .text               c_w.l(_printf_char_file.o)
    0x08003134   0x000000bc   Code   RO          532    .text               c_w.l(_printf_wctomb.o)
    0x080031f0   0x00000078   Code   RO          535    .text               c_w.l(_printf_longlong_dec.o)
    0x08003268   0x00000078   Code   RO          541    .text               c_w.l(_printf_oct_int_ll.o)
    0x080032e0   0x0000009c   Code   RO          561    .text               c_w.l(_printf_hex_int_ll_ptr.o)
    0x0800337c   0x0000018c   Code   RO          581    .text               c_w.l(__printf_flags_ss_wp.o)
    0x08003508   0x00000064   Code   RO          607    .text               c_w.l(rt_memcpy_w.o)
    0x0800356c   0x0000004e   Code   RO          609    .text               c_w.l(rt_memclr_w.o)
    0x080035ba   0x0000008a   Code   RO          637    .text               c_w.l(lludiv10.o)
    0x08003644   0x000000b8   Code   RO          639    .text               c_w.l(_printf_intcommon.o)
    0x080036fc   0x00000420   Code   RO          641    .text               c_w.l(_printf_fp_dec.o)
    0x08003b1c   0x00000030   Code   RO          643    .text               c_w.l(_printf_char_common.o)
    0x08003b4c   0x0000002c   Code   RO          645    .text               c_w.l(_printf_char.o)
    0x08003b78   0x0000002c   Code   RO          647    .text               c_w.l(_printf_wchar.o)
    0x08003ba4   0x00000008   Code   RO          650    .text               c_w.l(ferror.o)
    0x08003bac   0x00000040   Code   RO          654    .text               c_w.l(_wcrtomb.o)
    0x08003bec   0x0000004a   Code   RO          656    .text               c_w.l(sys_stackheap_outer.o)
    0x08003c36   0x00000002   PAD
    0x08003c38   0x00000010   Code   RO          658    .text               c_w.l(rt_ctype_table.o)
    0x08003c48   0x00000008   Code   RO          663    .text               c_w.l(rt_locale_intlibspace.o)
    0x08003c50   0x00000080   Code   RO          665    .text               c_w.l(_printf_fp_infnan.o)
    0x08003cd0   0x000000e4   Code   RO          669    .text               c_w.l(bigflt0.o)
    0x08003db4   0x0000000c   Code   RO          697    .text               c_w.l(exit.o)
    0x08003dc0   0x00000008   Code   RO          709    .text               c_w.l(libspace.o)
    0x08003dc8   0x00000080   Code   RO          717    .text               c_w.l(strcmpv7m.o)
    0x08003e48   0x0000003e   Code   RO          672    CL$$btod_d2e        c_w.l(btod.o)
    0x08003e86   0x00000046   Code   RO          674    CL$$btod_d2e_denorm_low  c_w.l(btod.o)
    0x08003ecc   0x00000060   Code   RO          673    CL$$btod_d2e_norm_op1  c_w.l(btod.o)
    0x08003f2c   0x00000338   Code   RO          682    CL$$btod_div_common  c_w.l(btod.o)
    0x08004264   0x000000c6   Code   RO          679    CL$$btod_e2e        c_w.l(btod.o)
    0x0800432a   0x00000028   Code   RO          676    CL$$btod_ediv       c_w.l(btod.o)
    0x08004352   0x00000028   Code   RO          675    CL$$btod_emul       c_w.l(btod.o)
    0x0800437a   0x00000244   Code   RO          681    CL$$btod_mult_common  c_w.l(btod.o)
    0x080045be   0x00000028   Code   RO          707    i.__ARM_fpclassify  m_ws.l(fpclassify.o)
    0x080045e6   0x0000000e   Code   RO          574    i._is_digit         c_w.l(__printf_wp.o)
    0x080045f4   0x0000002c   Code   RO          695    locale$$code        c_w.l(lc_numeric_c.o)
    0x08004620   0x0000002c   Code   RO          715    locale$$code        c_w.l(lc_ctype_c.o)
    0x0800464c   0x00000062   Code   RO          475    x$fpl$d2f           fz_ws.l(d2f.o)
    0x080046ae   0x00000002   PAD
    0x080046b0   0x00000150   Code   RO          477    x$fpl$dadd          fz_ws.l(daddsub_clz.o)
    0x08004800   0x00000026   Code   RO          483    x$fpl$dfltu         fz_ws.l(dflt_clz.o)
    0x08004826   0x00000002   PAD
    0x08004828   0x00000154   Code   RO          489    x$fpl$dmul          fz_ws.l(dmul.o)
    0x0800497c   0x0000009c   Code   RO          611    x$fpl$dnaninf       fz_ws.l(dnaninf.o)
    0x08004a18   0x0000000c   Code   RO          613    x$fpl$dretinf       fz_ws.l(dretinf.o)
    0x08004a24   0x000001d4   Code   RO          479    x$fpl$dsub          fz_ws.l(daddsub_clz.o)
    0x08004bf8   0x00000056   Code   RO          491    x$fpl$f2d           fz_ws.l(f2d.o)
    0x08004c4e   0x00000002   PAD
    0x08004c50   0x000000c4   Code   RO          493    x$fpl$fadd          fz_ws.l(faddsub_clz.o)
    0x08004d14   0x00000184   Code   RO          500    x$fpl$fdiv          fz_ws.l(fdiv.o)
    0x08004e98   0x0000003e   Code   RO          503    x$fpl$ffixu         fz_ws.l(ffixu.o)
    0x08004ed6   0x00000002   PAD
    0x08004ed8   0x00000030   Code   RO          508    x$fpl$fflt          fz_ws.l(fflt_clz.o)
    0x08004f08   0x00000026   Code   RO          507    x$fpl$ffltu         fz_ws.l(fflt_clz.o)
    0x08004f2e   0x00000002   PAD
    0x08004f30   0x00000102   Code   RO          513    x$fpl$fmul          fz_ws.l(fmul.o)
    0x08005032   0x0000008c   Code   RO          615    x$fpl$fnaninf       fz_ws.l(fnaninf.o)
    0x080050be   0x0000000a   Code   RO          617    x$fpl$fretinf       fz_ws.l(fretinf.o)
    0x080050c8   0x000000ea   Code   RO          495    x$fpl$fsub          fz_ws.l(faddsub_clz.o)
    0x080051b2   0x00000004   Code   RO          619    x$fpl$printf1       fz_ws.l(printf1.o)
    0x080051b6   0x00000000   Code   RO          621    x$fpl$usenofp       fz_ws.l(usenofp.o)
    0x080051b6   0x00000002   PAD
    0x080051b8   0x00000008   Data   RO          533    .constdata          c_w.l(_printf_wctomb.o)
    0x080051c0   0x00000028   Data   RO          562    .constdata          c_w.l(_printf_hex_int_ll_ptr.o)
    0x080051e8   0x00000011   Data   RO          582    .constdata          c_w.l(__printf_flags_ss_wp.o)
    0x080051f9   0x00000003   PAD
    0x080051fc   0x00000094   Data   RO          670    .constdata          c_w.l(bigflt0.o)
    0x08005290   0x00000020   Data   RO          834    Region$$Table       anon$$obj.o
    0x080052b0   0x0000001c   Data   RO          694    locale$$data        c_w.l(lc_numeric_c.o)
    0x080052cc   0x00000110   Data   RO          714    locale$$data        c_w.l(lc_ctype_c.o)


    Execution Region RW_IRAM1 (Base: 0x20000000, Size: 0x00000818, Max: 0x0000c000, ABSOLUTE)

    Base Addr    Size         Type   Attr      Idx    E Section Name        Object

    0x20000000   0x00000014   Data   RW          149    .data               system_stm32f10x.o
    0x20000014   0x00000021   Data   RW          167    .data               car_communcation.o
    0x20000035   0x00000003   PAD
    0x20000038   0x00000008   Data   RW          182    .data               car_drive.o
    0x20000040   0x00000002   Data   RW          203    .data               car_hcsr04.o
    0x20000042   0x00000002   PAD
    0x20000044   0x00000008   Data   RW          218    .data               car_speed.o
    0x2000004c   0x00000004   Data   RW          236    .data               car_system.o
    0x20000050   0x0000000c   Data   RW          304    .data               gps.o
    0x2000005c   0x00000014   Data   RW          430    .data               stm32f10x_rcc.o
    0x20000070   0x00000141   Zero   RW          303    .bss                gps.o
    0x200001b1   0x00000003   PAD
    0x200001b4   0x00000060   Zero   RW          710    .bss                c_w.l(libspace.o)
    0x20000214   0x00000004   PAD
    0x20000218   0x00000200   Zero   RW          337    HEAP                startup_stm32f10x_hd.o
    0x20000418   0x00000400   Zero   RW          336    STACK               startup_stm32f10x_hd.o


==============================================================================

Image component sizes


      Code (inc. data)   RO Data    RW Data    ZI Data      Debug   Object Name

      1108         62          0         33          0       3654   car_communcation.o
       572         18          0          8          0       2620   car_drive.o
       372         30          0          2          0       1674   car_hcsr04.o
       288         12          0          8          0       1492   car_speed.o
       140         18          0          4          0      16378   car_system.o
         0          0          0          0          0         32   core_cm3.o
       824         82          0         12        321       5137   gps.o
       228          4          0          0          0     255671   main.o
       220         20          0          0          0     208925   misc.o
        64         26        304          0       1536        784   startup_stm32f10x_hd.o
       284         10          0          0          0       2303   stm32f10x_exti.o
       856         40          0          0          0       5713   stm32f10x_gpio.o
        84         10          0          0          0       1326   stm32f10x_it.o
       932         44          0         20          0       8920   stm32f10x_rcc.o
      3610         88          0          0          0      22200   stm32f10x_tim.o
      1032         22          0          0          0       8440   stm32f10x_usart.o
       476         36          0         20          0       1839   system_stm32f10x.o
       168         10          0          0          0        687   vlc.o

    ----------------------------------------------------------------------
     11260        532        336        112       1860     547795   Object Totals
         0          0         32          0          0          0   (incl. Generated)
         2          0          0          5          3          0   (incl. Padding)

    ----------------------------------------------------------------------

      Code (inc. data)   RO Data    RW Data    ZI Data      Debug   Library Member Name

        24          4          0          0          0         84   __2printf.o
         8          0          0          0          0         68   __main.o
       396          6         17          0          0         92   __printf_flags_ss_wp.o
        14          0          0          0          0         68   __printf_wp.o
        52          8          0          0          0          0   __scatter.o
        26          0          0          0          0          0   __scatter_copy.o
        28          0          0          0          0          0   __scatter_zi.o
         6          0          0          0          0          0   _printf_a.o
         6          0          0          0          0          0   _printf_c.o
        44          0          0          0          0        108   _printf_char.o
        48          6          0          0          0         96   _printf_char_common.o
        36          4          0          0          0         80   _printf_char_file.o
        42          0          0          0          0         68   _printf_charcount.o
         6          0          0          0          0          0   _printf_d.o
       120         18          0          0          0         92   _printf_dec.o
         6          0          0          0          0          0   _printf_e.o
         6          0          0          0          0          0   _printf_f.o
      1056          0          0          0          0        216   _printf_fp_dec.o
       128         16          0          0          0         84   _printf_fp_infnan.o
         6          0          0          0          0          0   _printf_g.o
       156          6         40          0          0        160   _printf_hex_int_ll_ptr.o
         6          0          0          0          0          0   _printf_i.o
       184          0          0          0          0         88   _printf_intcommon.o
        10          0          0          0          0          0   _printf_l.o
         6          0          0          0          0          0   _printf_lc.o
        10          0          0          0          0          0   _printf_ll.o
         6          0          0          0          0          0   _printf_lld.o
         6          0          0          0          0          0   _printf_lli.o
         6          0          0          0          0          0   _printf_llo.o
         6          0          0          0          0          0   _printf_llu.o
         6          0          0          0          0          0   _printf_llx.o
       120         16          0          0          0         92   _printf_longlong_dec.o
         6          0          0          0          0          0   _printf_ls.o
         6          0          0          0          0          0   _printf_n.o
         6          0          0          0          0          0   _printf_o.o
       120          8          0          0          0        124   _printf_oct_int_ll.o
         6          0          0          0          0          0   _printf_p.o
        82          0          0          0          0        108   _printf_pad.o
         0          0          0          0          0          0   _printf_percent.o
         4          0          0          0          0          0   _printf_percent_end.o
         6          0          0          0          0          0   _printf_s.o
        82          0          0          0          0         80   _printf_str.o
        36          0          0          0          0         84   _printf_truncate.o
         6          0          0          0          0          0   _printf_u.o
        44          0          0          0          0        108   _printf_wchar.o
       188          6          8          0          0         92   _printf_wctomb.o
         6          0          0          0          0          0   _printf_x.o
        64          0          0          0          0         92   _wcrtomb.o
       228          6        148          0          0         96   bigflt0.o
      1910        128          0          0          0        672   btod.o
        24          4          0          0          0         84   c89printf.o
        12          0          0          0          0         72   exit.o
         8          0          0          0          0         68   ferror.o
         6          0          0          0          0        152   heapauxi.o
        44         10        272          0          0         76   lc_ctype_c.o
        44         10         28          0          0         76   lc_numeric_c.o
         2          0          0          0          0          0   libinit.o
        30          0          0          0          0          0   libinit2.o
         2          0          0          0          0          0   libshutdown.o
         2          0          0          0          0          0   libshutdown2.o
         8          4          0          0         96         68   libspace.o
       138          0          0          0          0         80   lludiv10.o
        16          4          0          0          0         76   rt_ctype_table.o
         8          4          0          0          0         68   rt_locale_intlibspace.o
        68          0          0          0          0         68   rt_memclr.o
        78          0          0          0          0         80   rt_memclr_w.o
       138          0          0          0          0         68   rt_memcpy_v6.o
       100          0          0          0          0         80   rt_memcpy_w.o
         0          0          0          0          0          0   rtentry.o
        12          0          0          0          0          0   rtentry2.o
         6          0          0          0          0          0   rtentry4.o
         2          0          0          0          0          0   rtexit.o
        10          0          0          0          0          0   rtexit2.o
       128          0          0          0          0         68   strcmpv7m.o
        36          0          0          0          0         80   strstr.o
        74          0          0          0          0         80   sys_stackheap_outer.o
         2          0          0          0          0         68   use_no_semi.o
         2          0          0          0          0         68   use_no_semi_2.o
        98          4          0          0          0         92   d2f.o
       804         16          0          0          0        272   daddsub_clz.o
        38          0          0          0          0         68   dflt_clz.o
       340         12          0          0          0        104   dmul.o
       156          4          0          0          0         92   dnaninf.o
        12          0          0          0          0         68   dretinf.o
        86          4          0          0          0         84   f2d.o
       430          8          0          0          0        168   faddsub_clz.o
       388         76          0          0          0         96   fdiv.o
        62          4          0          0          0         84   ffixu.o
        86          0          0          0          0        136   fflt_clz.o
       258          4          0          0          0         84   fmul.o
       140          4          0          0          0         84   fnaninf.o
        10          0          0          0          0         68   fretinf.o
         4          0          0          0          0         68   printf1.o
         0          0          0          0          0          0   usenofp.o
        40          0          0          0          0         68   fpclassify.o

    ----------------------------------------------------------------------
      9356        404        516          0        100       5968   Library Totals
        24          0          3          0          4          0   (incl. Padding)

    ----------------------------------------------------------------------

      Code (inc. data)   RO Data    RW Data    ZI Data      Debug   Library Name

      6380        268        513          0         96       4332   c_w.l
      2912        136          0          0          0       1568   fz_ws.l
        40          0          0          0          0         68   m_ws.l

    ----------------------------------------------------------------------
      9356        404        516          0        100       5968   Library Totals

    ----------------------------------------------------------------------

==============================================================================


      Code (inc. data)   RO Data    RW Data    ZI Data      Debug   

     20616        936        852        112       1960     548771   Grand Totals
     20616        936        852        112       1960     548771   ELF Image Totals
     20616        936        852        112          0          0   ROM Totals

==============================================================================

    Total RO  Size (Code + RO Data)                21468 (  20.96kB)
    Total RW  Size (RW Data + ZI Data)              2072 (   2.02kB)
    Total ROM Size (Code + RO Data + RW Data)      21580 (  21.07kB)

==============================================================================

